<html>
<body>
<pre>
<h1>µVision Build Log</h1>
<h2>Tool Versions:</h2>
IDE-Version: µVision V5.14.0.0
Copyright (C) 2015 ARM Ltd and ARM Germany GmbH. All rights reserved.
License Information: Stefan Sverrisson, Nordic Semiconductor ASA, LIC=Q7GNS-5E2WL-PLRG5-EH8YX-X9RMJ-7JG6M
 
Tool Versions:
Toolchain:       MDK-ARM Professional  Version: 5.14.0.0
Toolchain Path:  C:\Keil_v5\ARM\ARMCC\Bin
C Compiler:      Armcc.exe V5.05 update 1 (build 106)
Assembler:       Armasm.exe V5.05 update 1 (build 106)
Linker/Locator:  ArmLink.exe V5.05 update 1 (build 106)
Library Manager: ArmAr.exe V5.05 update 1 (build 106)
Hex Converter:   FromElf.exe V5.05 update 1 (build 106)
CPU DLL:         SARMCM3.DLL V5.14.0.0
Dialog DLL:      DARMCM1.DLL V1.12.0.0
Target DLL:      Segger\JL2CM3.dll V2.99.13.0
Dialog DLL:      TARMCM1.DLL V1.9.0.0
 
<h2>Project:</h2>
Z:\nRF51_SDK_zip\Nordic\nRF51_SDK_9.0.0_2e23562\examples\ble_peripheral_custom\ble_app_template__ADC_sampling__app_trace__NUS\pca10028\s130\arm4\ble_app_template_s130_pca10028.uvproj
Project File Date:  09/09/2015

<h2>Output:</h2>
Rebuild Project 'ble_app_template_s130_pca10028' - Target 'nrf51422_xxac_s130'
compiling main.c...
compiling bsp.c...
compiling bsp_btn_ble.c...
assembling arm_startup_nrf51.s...
compiling system_nrf51.c...
compiling ble_advdata.c...
compiling ble_advertising.c...
compiling ble_conn_params.c...
compiling ble_srv_common.c...
compiling device_manager_peripheral.c...
compiling ble_nus.c...
compiling nrf_delay.c...
compiling nrf_drv_common.c...
compiling nrf_drv_gpiote.c...
compiling pstorage.c...
compiling app_uart_fifo.c...
compiling app_button.c...
compiling app_error.c...
compiling app_timer.c...
compiling app_trace.c...
compiling nrf_assert.c...
compiling retarget.c...
compiling app_fifo.c...
compiling softdevice_handler.c...
linking...
Program Size: Code=23268 RO-data=1360 RW-data=268 ZI-data=4188  
FromELF: creating hex file...
".\_build\nrf51422_xxac_s130.axf" - 0 Error(s), 0 Warning(s).
</pre>
</body>
</html>
