Component: ARM Compiler 5.05 update 1 (build 106) Tool: armlink [4d0efa]

==============================================================================

Section Cross References

    main.o(i.ADC_IRQHandler) refers to main.o(i.adc_calibrate) for adc_calibrate
    main.o(i.ADC_IRQHandler) refers to main.o(i.write_adc_result_to_leds) for write_adc_result_to_leds
    main.o(i.ADC_IRQHandler) refers to printf8.o(i.__0printf$8) for __2printf
    main.o(i.ADC_IRQHandler) refers to ble_nus.o(i.ble_nus_string_send) for ble_nus_string_send
    main.o(i.ADC_IRQHandler) refers to main.o(.bss) for .bss
    main.o(i.assert_nrf_callback) refers to app_error.o(i.app_error_handler) for app_error_handler
    main.o(i.ble_evt_dispatch) refers to device_manager_peripheral.o(i.dm_ble_evt_handler) for dm_ble_evt_handler
    main.o(i.ble_evt_dispatch) refers to ble_conn_params.o(i.ble_conn_params_on_ble_evt) for ble_conn_params_on_ble_evt
    main.o(i.ble_evt_dispatch) refers to ble_nus.o(i.ble_nus_on_ble_evt) for ble_nus_on_ble_evt
    main.o(i.ble_evt_dispatch) refers to bsp_btn_ble.o(i.bsp_btn_ble_on_ble_evt) for bsp_btn_ble_on_ble_evt
    main.o(i.ble_evt_dispatch) refers to bsp.o(i.bsp_indication_set) for bsp_indication_set
    main.o(i.ble_evt_dispatch) refers to app_error.o(i.app_error_handler) for app_error_handler
    main.o(i.ble_evt_dispatch) refers to ble_advertising.o(i.ble_advertising_on_ble_evt) for ble_advertising_on_ble_evt
    main.o(i.ble_evt_dispatch) refers to main.o(.bss) for .bss
    main.o(i.ble_evt_dispatch) refers to main.o(.data) for .data
    main.o(i.ble_stack_init) refers to softdevice_handler.o(i.softdevice_handler_init) for softdevice_handler_init
    main.o(i.ble_stack_init) refers to app_error.o(i.app_error_handler) for app_error_handler
    main.o(i.ble_stack_init) refers to softdevice_handler.o(i.softdevice_ble_evt_handler_set) for softdevice_ble_evt_handler_set
    main.o(i.ble_stack_init) refers to softdevice_handler.o(i.softdevice_sys_evt_handler_set) for softdevice_sys_evt_handler_set
    main.o(i.ble_stack_init) refers to main.o(.bss) for .bss
    main.o(i.ble_stack_init) refers to main.o(i.ble_evt_dispatch) for ble_evt_dispatch
    main.o(i.ble_stack_init) refers to main.o(i.sys_evt_dispatch) for sys_evt_dispatch
    main.o(i.bsp_event_handler) refers to main.o(i.sleep_mode_enter) for sleep_mode_enter
    main.o(i.bsp_event_handler) refers to app_error.o(i.app_error_handler) for app_error_handler
    main.o(i.bsp_event_handler) refers to ble_advertising.o(i.ble_advertising_restart_without_whitelist) for ble_advertising_restart_without_whitelist
    main.o(i.bsp_event_handler) refers to main.o(.data) for .data
    main.o(i.conn_params_error_handler) refers to app_error.o(i.app_error_handler) for app_error_handler
    main.o(i.device_manager_evt_handler) refers to app_error.o(i.app_error_handler) for app_error_handler
    main.o(i.device_manager_init) refers to pstorage.o(i.pstorage_init) for pstorage_init
    main.o(i.device_manager_init) refers to app_error.o(i.app_error_handler) for app_error_handler
    main.o(i.device_manager_init) refers to device_manager_peripheral.o(i.dm_init) for dm_init
    main.o(i.device_manager_init) refers to memseta.o(.text) for __aeabi_memclr
    main.o(i.device_manager_init) refers to device_manager_peripheral.o(i.dm_register) for dm_register
    main.o(i.device_manager_init) refers to main.o(i.device_manager_evt_handler) for device_manager_evt_handler
    main.o(i.device_manager_init) refers to main.o(.data) for .data
    main.o(i.main) refers to app_trace.o(i.app_trace_init) for app_trace_init
    main.o(i.main) refers to app_timer.o(i.app_timer_init) for app_timer_init
    main.o(i.main) refers to app_error.o(i.app_error_handler) for app_error_handler
    main.o(i.main) refers to app_timer.o(i.app_timer_create) for app_timer_create
    main.o(i.main) refers to bsp.o(i.bsp_init) for bsp_init
    main.o(i.main) refers to bsp_btn_ble.o(i.bsp_btn_ble_init) for bsp_btn_ble_init
    main.o(i.main) refers to main.o(i.ble_stack_init) for ble_stack_init
    main.o(i.main) refers to main.o(i.device_manager_init) for device_manager_init
    main.o(i.main) refers to memseta.o(.text) for __aeabi_memclr4
    main.o(i.main) refers to ble_advertising.o(i.ble_advertising_init) for ble_advertising_init
    main.o(i.main) refers to ble_nus.o(i.ble_nus_init) for ble_nus_init
    main.o(i.main) refers to ble_conn_params.o(i.ble_conn_params_init) for ble_conn_params_init
    main.o(i.main) refers to app_timer.o(i.app_timer_start) for app_timer_start
    main.o(i.main) refers to ble_advertising.o(i.ble_advertising_start) for ble_advertising_start
    main.o(i.main) refers to main.o(.bss) for .bss
    main.o(i.main) refers to main.o(i.adc_sampling_timeout_handler) for adc_sampling_timeout_handler
    main.o(i.main) refers to main.o(.data) for .data
    main.o(i.main) refers to main.o(i.bsp_event_handler) for bsp_event_handler
[...]
    i.ble_advertising_peer_address_clear     0x0001d5bc   Section        0  ble_advertising.o(i.ble_advertising_peer_address_clear)
    ble_advertising_peer_address_clear       0x0001d5bd   Thumb Code    12  ble_advertising.o(i.ble_advertising_peer_address_clear)
    i.ble_advertising_restart_without_whitelist 0x0001d5cc   Section        0  ble_advertising.o(i.ble_advertising_restart_without_whitelist)
    i.ble_advertising_start                  0x0001d60c   Section        0  ble_advertising.o(i.ble_advertising_start)
    i.ble_conn_params_init                   0x0001d8f0   Section        0  ble_conn_params.o(i.ble_conn_params_init)
    i.ble_conn_params_on_ble_evt             0x0001d944   Section        0  ble_conn_params.o(i.ble_conn_params_on_ble_evt)
    i.ble_evt_dispatch                       0x0001d9d4   Section        0  main.o(i.ble_evt_dispatch)
    ble_evt_dispatch                         0x0001d9d5   Thumb Code    78  main.o(i.ble_evt_dispatch)
    i.ble_nus_init                           0x0001da2c   Section        0  ble_nus.o(i.ble_nus_init)
    i.ble_nus_on_ble_evt                     0x0001da94   Section        0  ble_nus.o(i.ble_nus_on_ble_evt)
    i.ble_nus_string_send                    0x0001daec   Section        0  ble_nus.o(i.ble_nus_string_send)
    i.ble_stack_init                         0x0001db40   Section        0  main.o(i.ble_stack_init)
    ble_stack_init                           0x0001db41   Thumb Code    92  main.o(i.ble_stack_init)
    i.bond_data_load                         0x0001dba8   Section        0  device_manager_peripheral.o(i.bond_data_load)
    i.bsp_btn_ble_init                       0x0001dcc8   Section        0  bsp_btn_ble.o(i.bsp_btn_ble_init)
    i.bsp_btn_ble_on_ble_evt                 0x0001dd1c   Section        0  bsp_btn_ble.o(i.bsp_btn_ble_on_ble_evt)
    i.bsp_btn_ble_sleep_mode_prepare         0x0001dd94   Section        0  bsp_btn_ble.o(i.bsp_btn_ble_sleep_mode_prepare)
    i.bsp_button_event_handler               0x0001dda8   Section        0  bsp.o(i.bsp_button_event_handler)
    bsp_button_event_handler                 0x0001dda9   Thumb Code   144  bsp.o(i.bsp_button_event_handler)
    i.bsp_button_is_pressed                  0x0001de44   Section        0  bsp.o(i.bsp_button_is_pressed)
    i.bsp_event_handler                      0x0001de70   Section        0  main.o(i.bsp_event_handler)
    i.bsp_event_to_button_action_assign      0x0001deac   Section        0  bsp.o(i.bsp_event_to_button_action_assign)
    i.bsp_indication_set                     0x0001def4   Section        0  bsp.o(i.bsp_indication_set)
    i.bsp_init                               0x0001df10   Section        0  bsp.o(i.bsp_init)
    i.bsp_led_indication                     0x0001dfb0   Section        0  bsp.o(i.bsp_led_indication)
    bsp_led_indication                       0x0001dfb1   Thumb Code   482  bsp.o(i.bsp_led_indication)
    i.bsp_wakeup_buttons_set                 0x0001e1a0   Section        0  bsp.o(i.bsp_wakeup_buttons_set)
    i.button_timer_handler                   0x0001e1dc   Section        0  bsp.o(i.button_timer_handler)
    button_timer_handler                     0x0001e1dd   Thumb Code    12  bsp.o(i.button_timer_handler)
    i.channel_free                           0x0001e1e8   Section        0  nrf_drv_gpiote.o(i.channel_free)
    channel_free                             0x0001e1e9   Thumb Code    22  nrf_drv_gpiote.o(i.channel_free)
    i.channel_port_alloc                     0x0001e204   Section        0  nrf_drv_gpiote.o(i.channel_port_alloc)
    channel_port_alloc                       0x0001e205   Thumb Code    66  nrf_drv_gpiote.o(i.channel_port_alloc)
    i.channel_port_get                       0x0001e24c   Section        0  nrf_drv_gpiote.o(i.channel_port_get)
    channel_port_get                         0x0001e24d   Thumb Code    10  nrf_drv_gpiote.o(i.channel_port_get)
    i.clear_operation_execute                0x0001e25c   Section        0  pstorage.o(i.clear_operation_execute)
    clear_operation_execute                  0x0001e25d   Thumb Code   252  pstorage.o(i.clear_operation_execute)
    i.clear_post_processing_run              0x0001e360   Section        0  pstorage.o(i.clear_post_processing_run)
    clear_post_processing_run                0x0001e361   Thumb Code    32  pstorage.o(i.clear_post_processing_run)
    i.cmd_process                            0x0001e384   Section        0  pstorage.o(i.cmd_process)
    cmd_process                              0x0001e385   Thumb Code    46  pstorage.o(i.cmd_process)
    i.cmd_queue_element_init                 0x0001e3bc   Section        0  pstorage.o(i.cmd_queue_element_init)
    cmd_queue_element_init                   0x0001e3bd   Thumb Code    26  pstorage.o(i.cmd_queue_element_init)
    i.cmd_queue_enqueue                      0x0001e3dc   Section        0  pstorage.o(i.cmd_queue_enqueue)
    cmd_queue_enqueue                        0x0001e3dd   Thumb Code    68  pstorage.o(i.cmd_queue_enqueue)
    i.command_end_procedure_run              0x0001e428   Section        0  pstorage.o(i.command_end_procedure_run)
    command_end_procedure_run                0x0001e429   Thumb Code    56  pstorage.o(i.command_end_procedure_run)
    i.compare_reg_update                     0x0001e464   Section        0  app_timer.o(i.compare_reg_update)
    compare_reg_update                       0x0001e465   Thumb Code   140  app_timer.o(i.compare_reg_update)
    i.conn_int_encode                        0x0001e508   Section        0  ble_advdata.o(i.conn_int_encode)
    conn_int_encode                          0x0001e509   Thumb Code   126  ble_advdata.o(i.conn_int_encode)
    i.conn_params_error_handler              0x0001e58c   Section        0  main.o(i.conn_params_error_handler)
    conn_params_error_handler                0x0001e58d   Thumb Code    12  main.o(i.conn_params_error_handler)
    i.conn_params_negotiation                0x0001e598   Section        0  ble_conn_params.o(i.conn_params_negotiation)
    conn_params_negotiation                  0x0001e599   Thumb Code    90  ble_conn_params.o(i.conn_params_negotiation)
    i.connection_instance_allocate           0x0001e5fc   Section        0  device_manager_peripheral.o(i.connection_instance_allocate)
    connection_instance_allocate             0x0001e5fd   Thumb Code    60  device_manager_peripheral.o(i.connection_instance_allocate)
    i.connection_instance_find               0x0001e6d4   Section        0  device_manager_peripheral.o(i.connection_instance_find)
    connection_instance_find                 0x0001e6d5   Thumb Code    38  device_manager_peripheral.o(i.connection_instance_find)
    i.connection_instance_init               0x0001e704   Section        0  device_manager_peripheral.o(i.connection_instance_init)
    connection_instance_init                 0x0001e705   Thumb Code    40  device_manager_peripheral.o(i.connection_instance_init)
    i.data_page_erase_state_run              0x0001e764   Section        0  pstorage.o(i.data_page_erase_state_run)
    data_page_erase_state_run                0x0001e765   Thumb Code    80  pstorage.o(i.data_page_erase_state_run)
    i.data_to_swap_write_state_run           0x0001e7b8   Section        0  pstorage.o(i.data_to_swap_write_state_run)
    data_to_swap_write_state_run             0x0001e7b9   Thumb Code    34  pstorage.o(i.data_to_swap_write_state_run)
    i.detection_delay_timeout_handler        0x0001e7e0   Section        0  app_button.o(i.detection_delay_timeout_handler)
    detection_delay_timeout_handler          0x0001e7e1   Thumb Code    90  app_button.o(i.detection_delay_timeout_handler)
    i.device_context_store                   0x0001e840   Section        0  device_manager_peripheral.o(i.device_context_store)
    device_context_store                     0x0001e841   Thumb Code   218  device_manager_peripheral.o(i.device_context_store)
    i.device_instance_allocate               0x0001ea88   Section        0  device_manager_peripheral.o(i.device_instance_allocate)
    device_instance_allocate                 0x0001ea89   Thumb Code   122  device_manager_peripheral.o(i.device_instance_allocate)
    i.device_instance_find                   0x0001eba0   Section        0  device_manager_peripheral.o(i.device_instance_find)
    device_instance_find                     0x0001eba1   Thumb Code   136  device_manager_peripheral.o(i.device_instance_find)
    i.device_instance_free                   0x0001ecc0   Section        0  device_manager_peripheral.o(i.device_instance_free)
    device_instance_free                     0x0001ecc1   Thumb Code    48  device_manager_peripheral.o(i.device_instance_free)
    i.device_manager_evt_handler             0x0001ed1c   Section        0  main.o(i.device_manager_evt_handler)
    device_manager_evt_handler               0x0001ed1d   Thumb Code    18  main.o(i.device_manager_evt_handler)
    i.device_manager_init                    0x0001ed30   Section        0  main.o(i.device_manager_init)
    device_manager_init                      0x0001ed31   Thumb Code   106  main.o(i.device_manager_init)
    i.dm_ble_evt_handler                     0x0001eda4   Section        0  device_manager_peripheral.o(i.dm_ble_evt_handler)
    i.dm_handle_initialize                   0x0001f4d8   Section        0  device_manager_peripheral.o(i.dm_handle_initialize)
    i.dm_init                                0x0001f4f4   Section        0  device_manager_peripheral.o(i.dm_init)
    i.dm_pstorage_cb_handler                 0x0001f7c0   Section        0  device_manager_peripheral.o(i.dm_pstorage_cb_handler)
    dm_pstorage_cb_handler                   0x0001f7c1   Thumb Code   446  device_manager_peripheral.o(i.dm_pstorage_cb_handler)
    i.dm_register                            0x0001fa20   Section        0  device_manager_peripheral.o(i.dm_register)
    i.elapsed_ticks_acquire                  0x0001fb00   Section        0  app_timer.o(i.elapsed_ticks_acquire)
    elapsed_ticks_acquire                    0x0001fb01   Thumb Code    58  app_timer.o(i.elapsed_ticks_acquire)
    i.expired_timers_handler                 0x0001fb40   Section        0  app_timer.o(i.expired_timers_handler)
    expired_timers_handler                   0x0001fb41   Thumb Code    82  app_timer.o(i.expired_timers_handler)
    i.flash_api_err_code_process             0x0001fb98   Section        0  pstorage.o(i.flash_api_err_code_process)
    flash_api_err_code_process               0x0001fb99   Thumb Code    28  pstorage.o(i.flash_api_err_code_process)
    i.flash_operation_success_run            0x0001fbb8   Section        0  pstorage.o(i.flash_operation_success_run)
    flash_operation_success_run              0x0001fbb9   Thumb Code   114  pstorage.o(i.flash_operation_success_run)
    i.flash_page_erase                       0x0001fc38   Section        0  pstorage.o(i.flash_page_erase)
    flash_page_erase                         0x0001fc39   Thumb Code    10  pstorage.o(i.flash_page_erase)
    i.flash_write                            0x0001fc42   Section        0  pstorage.o(i.flash_write)
    flash_write                              0x0001fc43   Thumb Code    10  pstorage.o(i.flash_write)
    i.fputc                                  0x0001fc4c   Section        0  retarget.o(i.fputc)
    i.gattc_context_apply                    0x0001fc5c   Section        0  device_manager_peripheral.o(i.gattc_context_apply)
    gattc_context_apply                      0x0001fc5d   Thumb Code    12  device_manager_peripheral.o(i.gattc_context_apply)
    i.gattc_context_load                     0x0001fc88   Section        0  device_manager_peripheral.o(i.gattc_context_load)
    gattc_context_load                       0x0001fc89   Thumb Code    12  device_manager_peripheral.o(i.gattc_context_load)
    i.gattc_context_store                    0x0001fcb4   Section        0  device_manager_peripheral.o(i.gattc_context_store)
    gattc_context_store                      0x0001fcb5   Thumb Code    12  device_manager_peripheral.o(i.gattc_context_store)
    i.gatts_context_apply                    0x0001fce0   Section        0  device_manager_peripheral.o(i.gatts_context_apply)
    gatts_context_apply                      0x0001fce1   Thumb Code   226  device_manager_peripheral.o(i.gatts_context_apply)
    i.gatts_context_load                     0x0001fe80   Section        0  device_manager_peripheral.o(i.gatts_context_load)
    gatts_context_load                       0x0001fe81   Thumb Code   100  device_manager_peripheral.o(i.gatts_context_load)
    i.gatts_context_store                    0x0001ff60   Section        0  device_manager_peripheral.o(i.gatts_context_store)
    gatts_context_store                      0x0001ff61   Thumb Code   250  device_manager_peripheral.o(i.gatts_context_store)
    i.gattsc_context_apply                   0x000201f4   Section        0  device_manager_peripheral.o(i.gattsc_context_apply)
    gattsc_context_apply                     0x000201f5   Thumb Code    28  device_manager_peripheral.o(i.gattsc_context_apply)
    i.gattsc_context_load                    0x00020234   Section        0  device_manager_peripheral.o(i.gattsc_context_load)
    gattsc_context_load                      0x00020235   Thumb Code    34  device_manager_peripheral.o(i.gattsc_context_load)
    i.gattsc_context_store                   0x00020278   Section        0  device_manager_peripheral.o(i.gattsc_context_store)
    gattsc_context_store                     0x00020279   Thumb Code    34  device_manager_peripheral.o(i.gattsc_context_store)
    i.gpiote_event_handler                   0x000202c0   Section        0  app_button.o(i.gpiote_event_handler)
    gpiote_event_handler                     0x000202c1   Thumb Code    70  app_button.o(i.gpiote_event_handler)
    i.gpiote_uart_event_handler              0x0002030c   Section        0  app_uart_fifo.o(i.gpiote_uart_event_handler)
    gpiote_uart_event_handler                0x0002030d   Thumb Code    22  app_uart_fifo.o(i.gpiote_uart_event_handler)
    i.head_restore_state_run                 0x00020324   Section        0  pstorage.o(i.head_restore_state_run)
    head_restore_state_run                   0x00020325   Thumb Code   110  pstorage.o(i.head_restore_state_run)
    i.intern_softdevice_events_execute       0x0002039c   Section        0  softdevice_handler.o(i.intern_softdevice_events_execute)
    i.is_conn_params_ok                      0x0002041c   Section        0  ble_conn_params.o(i.is_conn_params_ok)
    is_conn_params_ok                        0x0002041d   Thumb Code    24  ble_conn_params.o(i.is_conn_params_ok)
    i.is_manual_peripheral_setup_needed      0x00020438   Section        0  system_nrf51.o(i.is_manual_peripheral_setup_needed)
    is_manual_peripheral_setup_needed        0x00020439   Thumb Code    66  system_nrf51.o(i.is_manual_peripheral_setup_needed)
    i.is_page_erase_required                 0x00020480   Section        0  pstorage.o(i.is_page_erase_required)
    is_page_erase_required                   0x00020481   Thumb Code    60  pstorage.o(i.is_page_erase_required)
    i.is_word_aligned                        0x000204c4   Section        0  pstorage.o(i.is_word_aligned)
    is_word_aligned                          0x000204c5   Thumb Code    12  pstorage.o(i.is_word_aligned)
    i.leds_timer_handler                     0x000204d0   Section        0  bsp.o(i.leds_timer_handler)
    leds_timer_handler                       0x000204d1   Thumb Code    18  bsp.o(i.leds_timer_handler)
    i.list_deletions_handler                 0x000204e8   Section        0  app_timer.o(i.list_deletions_handler)
    list_deletions_handler                   0x000204e9   Thumb Code   144  app_timer.o(i.list_deletions_handler)
    i.list_insertions_handler                0x0002057c   Section        0  app_timer.o(i.list_insertions_handler)
    list_insertions_handler                  0x0002057d   Thumb Code   230  app_timer.o(i.list_insertions_handler)
    i.main                                   0x0002066c   Section        0  main.o(i.main)
    i.main_state_err_busy_process            0x00020860   Section        0  pstorage.o(i.main_state_err_busy_process)
    main_state_err_busy_process              0x00020861   Thumb Code    20  pstorage.o(i.main_state_err_busy_process)
    i.manuf_specific_data_encode             0x00020878   Section        0  ble_advdata.o(i.manuf_specific_data_encode)
    manuf_specific_data_encode               0x00020879   Thumb Code   100  ble_advdata.o(i.manuf_specific_data_encode)
    i.name_encode                            0x000208dc   Section        0  ble_advdata.o(i.name_encode)
    name_encode                              0x000208dd   Thumb Code   106  ble_advdata.o(i.name_encode)
    i.no_service_context_apply               0x00020948   Section        0  device_manager_peripheral.o(i.no_service_context_apply)
    no_service_context_apply                 0x00020949   Thumb Code    22  device_manager_peripheral.o(i.no_service_context_apply)
    i.no_service_context_load                0x000209b0   Section        0  device_manager_peripheral.o(i.no_service_context_load)
    no_service_context_load                  0x000209b1   Thumb Code    12  device_manager_peripheral.o(i.no_service_context_load)
    i.no_service_context_store               0x000209e0   Section        0  device_manager_peripheral.o(i.no_service_context_store)
    no_service_context_store                 0x000209e1   Thumb Code    12  device_manager_peripheral.o(i.no_service_context_store)
    i.nrf_drv_common_irq_enable              0x00020a14   Section        0  nrf_drv_common.o(i.nrf_drv_common_irq_enable)
    i.nrf_drv_gpiote_in_event_enable         0x00020a74   Section        0  nrf_drv_gpiote.o(i.nrf_drv_gpiote_in_event_enable)
    i.nrf_drv_gpiote_in_init                 0x00020b14   Section        0  nrf_drv_gpiote.o(i.nrf_drv_gpiote_in_init)
    i.nrf_drv_gpiote_in_is_set               0x00020ba8   Section        0  nrf_drv_gpiote.o(i.nrf_drv_gpiote_in_is_set)
    i.nrf_drv_gpiote_init                    0x00020bbc   Section        0  nrf_drv_gpiote.o(i.nrf_drv_gpiote_init)
    i.nrf_drv_gpiote_is_init                 0x00020c10   Section        0  nrf_drv_gpiote.o(i.nrf_drv_gpiote_is_init)
    i.nrf_drv_gpiote_out_init                0x00020c20   Section        0  nrf_drv_gpiote.o(i.nrf_drv_gpiote_out_init)
    i.nrf_gpio_cfg_sense_set                 0x00020cb8   Section        0  nrf_drv_gpiote.o(i.nrf_gpio_cfg_sense_set)
    nrf_gpio_cfg_sense_set                   0x00020cb9   Thumb Code    26  nrf_drv_gpiote.o(i.nrf_gpio_cfg_sense_set)
    i.nrf_gpiote_event_is_set                0x00020cd8   Section        0  nrf_drv_gpiote.o(i.nrf_gpiote_event_is_set)
    nrf_gpiote_event_is_set                  0x00020cd9   Thumb Code    14  nrf_drv_gpiote.o(i.nrf_gpiote_event_is_set)
    i.nus_data_handler                       0x00020cec   Section        0  main.o(i.nus_data_handler)
    i.on_adv_evt                             0x00020d2c   Section        0  main.o(i.on_adv_evt)
    on_adv_evt                               0x00020d2d   Thumb Code    36  main.o(i.on_adv_evt)
    i.on_conn_params_evt                     0x00020d50   Section        0  main.o(i.on_conn_params_evt)
    on_conn_params_evt                       0x00020d51   Thumb Code    30  main.o(i.on_conn_params_evt)
    i.on_uart_event                          0x00020d74   Section        0  app_uart_fifo.o(i.on_uart_event)
    on_uart_event                            0x00020d75   Thumb Code   118  app_uart_fifo.o(i.on_uart_event)
    i.peer_address_exists                    0x00020dfc   Section        0  ble_advertising.o(i.peer_address_exists)
    peer_address_exists                      0x00020dfd   Thumb Code    22  ble_advertising.o(i.peer_address_exists)
    i.peer_instance_init                     0x00020e14   Section        0  device_manager_peripheral.o(i.peer_instance_init)
    peer_instance_init                       0x00020e15   Thumb Code    68  device_manager_peripheral.o(i.peer_instance_init)
    i.pin_in_use_by_port                     0x00020e88   Section        0  nrf_drv_gpiote.o(i.pin_in_use_by_port)
    pin_in_use_by_port                       0x00020e89   Thumb Code    20  nrf_drv_gpiote.o(i.pin_in_use_by_port)
    i.pin_in_use_by_te                       0x00020ea0   Section        0  nrf_drv_gpiote.o(i.pin_in_use_by_te)
    pin_in_use_by_te                         0x00020ea1   Thumb Code    20  nrf_drv_gpiote.o(i.pin_in_use_by_te)
    i.pstorage_access_status_get             0x00020eb8   Section        0  pstorage.o(i.pstorage_access_status_get)
    i.pstorage_block_identifier_get          0x00020ee0   Section        0  pstorage.o(i.pstorage_block_identifier_get)
    i.pstorage_clear                         0x00020f38   Section        0  pstorage.o(i.pstorage_clear)
    i.pstorage_flash_page_end                0x00020fe0   Section        0  pstorage.o(i.pstorage_flash_page_end)
    pstorage_flash_page_end                  0x00020fe1   Thumb Code    32  pstorage.o(i.pstorage_flash_page_end)
    i.pstorage_flash_page_size               0x00021004   Section        0  pstorage.o(i.pstorage_flash_page_size)
    pstorage_flash_page_size                 0x00021005   Thumb Code    10  pstorage.o(i.pstorage_flash_page_size)
    i.pstorage_init                          0x00021010   Section        0  pstorage.o(i.pstorage_init)
    i.pstorage_load                          0x0002106c   Section        0  pstorage.o(i.pstorage_load)
    i.pstorage_register                      0x00021118   Section        0  pstorage.o(i.pstorage_register)
    i.pstorage_store                         0x000211cc   Section        0  pstorage.o(i.pstorage_store)
    i.pstorage_sys_event_handler             0x00021260   Section        0  pstorage.o(i.pstorage_sys_event_handler)
    i.pstorage_update                        0x000212ac   Section        0  pstorage.o(i.pstorage_update)
    i.rtc1_stop                              0x00021340   Section        0  app_timer.o(i.rtc1_stop)
    rtc1_stop                                0x00021341   Thumb Code    50  app_timer.o(i.rtc1_stop)
    i.rx_char_add                            0x00021384   Section        0  ble_nus.o(i.rx_char_add)
    rx_char_add                              0x00021385   Thumb Code   158  ble_nus.o(i.rx_char_add)
    i.service_data_encode                    0x00021422   Section        0  ble_advdata.o(i.service_data_encode)
    service_data_encode                      0x00021423   Thumb Code   124  ble_advdata.o(i.service_data_encode)
    i.sleep_mode_enter                       0x0002149e   Section        0  main.o(i.sleep_mode_enter)
    sleep_mode_enter                         0x0002149f   Thumb Code    52  main.o(i.sleep_mode_enter)
    i.sm_state_change                        0x000214d4   Section        0  pstorage.o(i.sm_state_change)
    sm_state_change                          0x000214d5   Thumb Code    62  pstorage.o(i.sm_state_change)
    i.softdevice_assertion_handler           0x0002151c   Section        0  softdevice_handler.o(i.softdevice_assertion_handler)
    i.softdevice_ble_evt_handler_set         0x00021528   Section        0  softdevice_handler.o(i.softdevice_ble_evt_handler_set)
    i.softdevice_handler_init                0x0002153c   Section        0  softdevice_handler.o(i.softdevice_handler_init)
    i.softdevice_sys_evt_handler_set         0x0002156c   Section        0  softdevice_handler.o(i.softdevice_sys_evt_handler_set)
    i.state_data_erase_swap_entry_run        0x00021580   Section        0  pstorage.o(i.state_data_erase_swap_entry_run)
    state_data_erase_swap_entry_run          0x00021581   Thumb Code    92  pstorage.o(i.state_data_erase_swap_entry_run)
    i.state_erase_data_page_entry_run        0x000215e4   Section        0  pstorage.o(i.state_erase_data_page_entry_run)
    state_erase_data_page_entry_run          0x000215e5   Thumb Code    12  pstorage.o(i.state_erase_data_page_entry_run)
    i.state_restore_head_entry_run           0x000215f4   Section        0  pstorage.o(i.state_restore_head_entry_run)
    state_restore_head_entry_run             0x000215f5   Thumb Code    36  pstorage.o(i.state_restore_head_entry_run)
    i.state_restore_tail_entry_run           0x0002161c   Section        0  pstorage.o(i.state_restore_tail_entry_run)
    state_restore_tail_entry_run             0x0002161d   Thumb Code    66  pstorage.o(i.state_restore_tail_entry_run)
    i.state_swap_erase_entry_run             0x00021668   Section        0  pstorage.o(i.state_swap_erase_entry_run)
    state_swap_erase_entry_run               0x00021669   Thumb Code    32  pstorage.o(i.state_swap_erase_entry_run)
    i.state_write_data_swap_entry_run        0x00021688   Section        0  pstorage.o(i.state_write_data_swap_entry_run)
    state_write_data_swap_entry_run          0x00021689   Thumb Code    42  pstorage.o(i.state_write_data_swap_entry_run)
    i.storage_operation_dummy_handler        0x000216b8   Section        0  device_manager_peripheral.o(i.storage_operation_dummy_handler)
    storage_operation_dummy_handler          0x000216b9   Thumb Code     4  device_manager_peripheral.o(i.storage_operation_dummy_handler)
    i.store_cmd_flash_write_execute          0x000216bc   Section        0  pstorage.o(i.store_cmd_flash_write_execute)
    store_cmd_flash_write_execute            0x000216bd   Thumb Code    82  pstorage.o(i.store_cmd_flash_write_execute)
    i.swap_erase_state_run                   0x00021718   Section        0  pstorage.o(i.swap_erase_state_run)
    swap_erase_state_run                     0x00021719   Thumb Code    24  pstorage.o(i.swap_erase_state_run)
    i.swap_sub_state_err_busy_process        0x00021734   Section        0  pstorage.o(i.swap_sub_state_err_busy_process)
    swap_sub_state_err_busy_process          0x00021735   Thumb Code    20  pstorage.o(i.swap_sub_state_err_busy_process)
    i.swap_sub_state_state_change            0x0002174c   Section        0  pstorage.o(i.swap_sub_state_state_change)
    swap_sub_state_state_change              0x0002174d   Thumb Code    12  pstorage.o(i.swap_sub_state_state_change)
    i.sys_evt_dispatch                       0x00021760   Section        0  main.o(i.sys_evt_dispatch)
    sys_evt_dispatch                         0x00021761   Thumb Code    16  main.o(i.sys_evt_dispatch)
    i.tail_restore_state_run                 0x00021770   Section        0  pstorage.o(i.tail_restore_state_run)
    tail_restore_state_run                   0x00021771   Thumb Code    22  pstorage.o(i.tail_restore_state_run)
    i.timer_list_handler_sched               0x0002178c   Section        0  app_timer.o(i.timer_list_handler_sched)
    timer_list_handler_sched                 0x0002178d   Thumb Code    10  app_timer.o(i.timer_list_handler_sched)
    i.timer_list_insert                      0x0002179c   Section        0  app_timer.o(i.timer_list_insert)
    timer_list_insert                        0x0002179d   Thumb Code    94  app_timer.o(i.timer_list_insert)
    i.timer_list_remove                      0x00021800   Section        0  app_timer.o(i.timer_list_remove)
    timer_list_remove                        0x00021801   Thumb Code   104  app_timer.o(i.timer_list_remove)
    i.timer_timeouts_check                   0x00021870   Section        0  app_timer.o(i.timer_timeouts_check)
    timer_timeouts_check                     0x00021871   Thumb Code   120  app_timer.o(i.timer_timeouts_check)
    i.tx_char_add                            0x000218f0   Section        0  ble_nus.o(i.tx_char_add)
    tx_char_add                              0x000218f1   Thumb Code   128  ble_nus.o(i.tx_char_add)
    i.uart_error_handle                      0x00021970   Section        0  app_trace.o(i.uart_error_handle)
    i.uint16_encode                          0x00021988   Section        0  ble_advdata.o(i.uint16_encode)
    uint16_encode                            0x00021989   Thumb Code    10  ble_advdata.o(i.uint16_encode)
    i.update_status_bit_reset                0x00021994   Section        0  device_manager_peripheral.o(i.update_status_bit_reset)
    update_status_bit_reset                  0x00021995   Thumb Code    14  device_manager_peripheral.o(i.update_status_bit_reset)
    i.update_timeout_handler                 0x000219a8   Section        0  ble_conn_params.o(i.update_timeout_handler)
    update_timeout_handler                   0x000219a9   Thumb Code    86  ble_conn_params.o(i.update_timeout_handler)
    i.user_id_get                            0x00021a0c   Section        0  app_timer.o(i.user_id_get)
    user_id_get                              0x00021a0d   Thumb Code    74  app_timer.o(i.user_id_get)
    i.user_op_alloc                          0x00021a60   Section        0  app_timer.o(i.user_op_alloc)
    user_op_alloc                            0x00021a61   Thumb Code    36  app_timer.o(i.user_op_alloc)
    i.uuid_list_encode                       0x00021a84   Section        0  ble_advdata.o(i.uuid_list_encode)
    uuid_list_encode                         0x00021a85   Thumb Code    38  ble_advdata.o(i.uuid_list_encode)
    i.uuid_list_sized_encode                 0x00021aaa   Section        0  ble_advdata.o(i.uuid_list_sized_encode)
    uuid_list_sized_encode                   0x00021aab   Thumb Code   162  ble_advdata.o(i.uuid_list_sized_encode)
    i.whitelist_has_entries                  0x00021b4c   Section        0  ble_advertising.o(i.whitelist_has_entries)
    whitelist_has_entries                    0x00021b4d   Thumb Code    16  ble_advertising.o(i.whitelist_has_entries)
    i.write_adc_result_to_leds               0x00021b5c   Section        0  main.o(i.write_adc_result_to_leds)
    .constdata                               0x00021ba4   Section       48  bsp.o(.constdata)
    m_buttons_list                           0x00021ba4   Data          16  bsp.o(.constdata)
    app_buttons                              0x00021bb4   Data          32  bsp.o(.constdata)
    .constdata                               0x00021bd4   Section       52  device_manager_peripheral.o(.constdata)
    .constdata                               0x00021c08   Section       16  ble_nus.o(.constdata)
    .constdata                               0x00021c18   Section       40  pstorage.o(.constdata)
    swap_sub_state_sm_lut                    0x00021c18   Data          20  pstorage.o(.constdata)
    swap_sub_state_sm_lut                    0x00021c2c   Data          20  pstorage.o(.constdata)
    .constdata                               0x00021c40   Section        8  app_uart_fifo.o(.constdata)
    .constdata                               0x00021c48   Section        4  app_button.o(.constdata)
    .constdata                               0x00021c4c   Section       12  app_trace.o(.constdata)
    .conststring                             0x00021c58   Section       69  ble_advertising.o(.conststring)
    .conststring                             0x00021ca0   Section      884  device_manager_peripheral.o(.conststring)
    .data                                    0x20002800   Section       12  main.o(.data)
    m_app_handle                             0x20002800   Data           1  main.o(.data)
    m_conn_handle                            0x20002802   Data           2  main.o(.data)
    m_adv_uuids                              0x20002804   Data           4  main.o(.data)
    m_adc_sampling_timer_id                  0x20002808   Data           4  main.o(.data)
    .data                                    0x2000280c   Section       32  bsp.o(.data)
    m_stable_state                           0x2000280c   Data           1  bsp.o(.data)
    current_long_push_pin_no                 0x2000280d   Data           1  bsp.o(.data)
    m_app_ticks_per_100ms                    0x20002810   Data           4  bsp.o(.data)
    m_indication_type                        0x20002814   Data           4  bsp.o(.data)
    m_registered_callback                    0x20002818   Data           4  bsp.o(.data)
    release_event_at_push                    0x2000281c   Data           4  bsp.o(.data)
    m_leds_timer_id                          0x20002820   Data           4  bsp.o(.data)
    m_alert_timer_id                         0x20002824   Data           4  bsp.o(.data)
    m_button_timer_id                        0x20002828   Data           4  bsp.o(.data)
    .data                                    0x2000282c   Section        8  bsp_btn_ble.o(.data)
    m_error_handler                          0x2000282c   Data           4  bsp_btn_ble.o(.data)
    m_num_connections                        0x20002830   Data           4  bsp_btn_ble.o(.data)
    .data                                    0x20002834   Section        4  system_nrf51.o(.data)
    __tagsym$$used                           0x20002834   Number         0  system_nrf51.o(.data)
    .data                                    0x20002838   Section       31  ble_advertising.o(.data)
    m_advertising_start_pending              0x20002838   Data           1  ble_advertising.o(.data)
    m_whitelist_temporarily_disabled         0x20002839   Data           1  ble_advertising.o(.data)
    m_whitelist_reply_expected               0x2000283a   Data           1  ble_advertising.o(.data)
    m_peer_addr_reply_expected               0x2000283b   Data           1  ble_advertising.o(.data)
    m_adv_evt                                0x2000283c   Data           1  ble_advertising.o(.data)
    m_adv_mode_current                       0x2000283d   Data           1  ble_advertising.o(.data)
    m_tx_power_level                         0x2000283e   Data           1  ble_advertising.o(.data)
    current_slave_link_conn_handle           0x20002840   Data           2  ble_advertising.o(.data)
    m_evt_handler                            0x20002844   Data           4  ble_advertising.o(.data)
    m_error_handler                          0x20002848   Data           4  ble_advertising.o(.data)
    m_slave_conn_int                         0x2000284c   Data           4  ble_advertising.o(.data)
    m_peer_address                           0x20002850   Data           7  ble_advertising.o(.data)
    .data                                    0x20002858   Section       24  ble_conn_params.o(.data)
    m_change_param                           0x20002858   Data           1  ble_conn_params.o(.data)
    m_update_count                           0x20002859   Data           1  ble_conn_params.o(.data)
    m_conn_handle                            0x2000285a   Data           2  ble_conn_params.o(.data)
    m_conn_params_timer_id                   0x2000285c   Data           4  ble_conn_params.o(.data)
    m_preferred_conn_params                  0x20002860   Data           8  ble_conn_params.o(.data)
    m_current_conn_params                    0x20002868   Data           8  ble_conn_params.o(.data)
    .data                                    0x20002870   Section       24  device_manager_peripheral.o(.data)
    m_module_initialized                     0x20002870   Data           1  device_manager_peripheral.o(.data)
    m_peer_addr_update                       0x20002874   Data           4  device_manager_peripheral.o(.data)
    m_irk_index_table                        0x20002878   Data           7  device_manager_peripheral.o(.data)
    m_storage_handle                         0x20002880   Data           8  device_manager_peripheral.o(.data)
    .data                                    0x20002888   Section       36  pstorage.o(.data)
    m_state                                  0x20002888   Data           1  pstorage.o(.data)
    m_swap_sub_state                         0x20002889   Data           1  pstorage.o(.data)
    m_next_app_instance                      0x2000288a   Data           2  pstorage.o(.data)
    m_flags                                  0x2000288c   Data           4  pstorage.o(.data)
    m_next_page_addr                         0x20002890   Data           4  pstorage.o(.data)
    m_head_word_size                         0x20002894   Data           4  pstorage.o(.data)
    m_tail_word_size                         0x20002898   Data           4  pstorage.o(.data)
    m_current_page_id                        0x2000289c   Data           4  pstorage.o(.data)
    m_num_of_command_retries                 0x200028a0   Data           4  pstorage.o(.data)
    m_num_of_bytes_written                   0x200028a4   Data           4  pstorage.o(.data)
    m_app_data_size                          0x200028a8   Data           4  pstorage.o(.data)
    .data                                    0x200028ac   Section        8  app_uart_fifo.o(.data)
    m_instance_counter                       0x200028ac   Data           1  app_uart_fifo.o(.data)
    m_current_state                          0x200028ad   Data           1  app_uart_fifo.o(.data)
    m_event_handler                          0x200028b0   Data           4  app_uart_fifo.o(.data)
    .data                                    0x200028b4   Section       24  app_button.o(.data)
    m_button_count                           0x200028b4   Data           1  app_button.o(.data)
    mp_buttons                               0x200028b8   Data           4  app_button.o(.data)
    m_detection_delay                        0x200028bc   Data           4  app_button.o(.data)
    m_detection_delay_timer_id               0x200028c0   Data           4  app_button.o(.data)
    m_pin_state                              0x200028c4   Data           4  app_button.o(.data)
    m_pin_transition                         0x200028c8   Data           4  app_button.o(.data)
    .data                                    0x200028cc   Section       36  app_timer.o(.data)
    m_node_array_size                        0x200028cc   Data           1  app_timer.o(.data)
    m_user_array_size                        0x200028cd   Data           1  app_timer.o(.data)
    m_ticks_elapsed_q_read_ind               0x200028ce   Data           1  app_timer.o(.data)
    m_ticks_elapsed_q_write_ind              0x200028cf   Data           1  app_timer.o(.data)
    m_rtc1_running                           0x200028d0   Data           1  app_timer.o(.data)
    m_rtc1_reset                             0x200028d1   Data           1  app_timer.o(.data)
    mp_nodes                                 0x200028d4   Data           4  app_timer.o(.data)
    mp_users                                 0x200028d8   Data           4  app_timer.o(.data)
    m_timer_id_head                          0x200028dc   Data           4  app_timer.o(.data)
    m_ticks_latest                           0x200028e0   Data           4  app_timer.o(.data)
    m_evt_schedule_func                      0x200028e4   Data           4  app_timer.o(.data)
    m_ticks_elapsed                          0x200028e8   Data           8  app_timer.o(.data)
    .data                                    0x200028f0   Section        1  app_trace.o(.data)
    rx_buf                                   0x200028f0   Data           1  app_trace.o(.data)
    .data                                    0x200028f4   Section        4  retarget.o(.data)
    .data                                    0x200028f8   Section       20  softdevice_handler.o(.data)
    m_softdevice_enabled                     0x200028f8   Data           1  softdevice_handler.o(.data)
    m_ble_evt_buffer_size                    0x200028fa   Data           2  softdevice_handler.o(.data)
    m_evt_schedule_func                      0x200028fc   Data           4  softdevice_handler.o(.data)
    mp_ble_evt_buffer                        0x20002900   Data           4  softdevice_handler.o(.data)
    m_ble_evt_handler                        0x20002904   Data           4  softdevice_handler.o(.data)
    m_sys_evt_handler                        0x20002908   Data           4  softdevice_handler.o(.data)
    .bss                                     0x2000290c   Section      916  main.o(.bss)
    APP_TIMER_BUF                            0x2000290c   Data         816  main.o(.bss)
    BLE_EVT_BUFFER                           0x20002c3c   Data          72  main.o(.bss)
    m_nus                                    0x20002c84   Data          28  main.o(.bss)
    .bss                                     0x20002ca0   Section       12  bsp.o(.bss)
    m_events_list                            0x20002ca0   Data          12  bsp.o(.bss)
    .bss                                     0x20002cac   Section      251  ble_advertising.o(.bss)
    m_advdata                                0x20002cac   Data          48  ble_advertising.o(.bss)
    m_adv_modes_config                       0x20002cdc   Data          36  ble_advertising.o(.bss)
    m_whitelist                              0x20002d00   Data          16  ble_advertising.o(.bss)
    mp_whitelist_addr                        0x20002d10   Data          32  ble_advertising.o(.bss)
    mp_whitelist_irk                         0x20002d30   Data          32  ble_advertising.o(.bss)
    m_manuf_specific_data                    0x20002d50   Data          12  ble_advertising.o(.bss)
    m_manuf_data_array                       0x20002d5c   Data          31  ble_advertising.o(.bss)
    m_service_data                           0x20002d7c   Data          12  ble_advertising.o(.bss)
    m_service_data_array                     0x20002d88   Data          31  ble_advertising.o(.bss)
    .bss                                     0x20002da8   Section       28  ble_conn_params.o(.bss)
    m_conn_params_config                     0x20002da8   Data          28  ble_conn_params.o(.bss)
    .bss                                     0x20002dc4   Section      335  device_manager_peripheral.o(.bss)
    m_app_context_table                      0x20002dc4   Data          28  device_manager_peripheral.o(.bss)
    m_peer_table                             0x20002de0   Data         196  device_manager_peripheral.o(.bss)
    m_bond_table                             0x20002ea4   Data          28  device_manager_peripheral.o(.bss)
    m_gatts_table                            0x20002ec0   Data          36  device_manager_peripheral.o(.bss)
    m_connection_table                       0x20002ee4   Data          12  device_manager_peripheral.o(.bss)
    m_application_table                      0x20002ef0   Data          12  device_manager_peripheral.o(.bss)
    m_local_id_info                          0x20002efc   Data          23  device_manager_peripheral.o(.bss)
    .bss                                     0x20002f14   Section       76  nrf_drv_gpiote.o(.bss)
    m_cb                                     0x20002f14   Data          76  nrf_drv_gpiote.o(.bss)
    .bss                                     0x20002f60   Section      228  pstorage.o(.bss)
    m_cmd_queue                              0x20002f60   Data         204  pstorage.o(.bss)
    m_app_table                              0x2000302c   Data          24  pstorage.o(.bss)
    .bss                                     0x20003044   Section       32  app_uart_fifo.o(.bss)
    m_rx_fifo                                0x20003044   Data          16  app_uart_fifo.o(.bss)
    m_tx_fifo                                0x20003054   Data          16  app_uart_fifo.o(.bss)
    .bss                                     0x20003064   Section      256  app_trace.o(.bss)
    tx_buf                                   0x20003064   Data         256  app_trace.o(.bss)
    STACK                                    0x20003168   Section     2048  arm_startup_nrf51.o(STACK)

    Global Symbols

    Symbol Name                              Value     Ov Type        Size  Object(Section)

    BuildAttributes$$THM_ISAv3M$S$PE$A:L22$X:L11$S22$IEEE1$IW$USESV6$~STKCKD$USESV7$~SHL$OSPACE$ROPI$EBA8$MICROLIB$REQ8$PRES8$EABIv2 0x00000000   Number         0  anon$$obj.o ABSOLUTE
    __ARM_use_no_argv                        0x00000000   Number         0  main.o ABSOLUTE
    _printf_a                                0x00000000   Number         0  stubs.o ABSOLUTE
    _printf_c                                0x00000000   Number         0  stubs.o ABSOLUTE
    _printf_charcount                        0x00000000   Number         0  stubs.o ABSOLUTE
    _printf_d                                0x00000000   Number         0  stubs.o ABSOLUTE
    _printf_e                                0x00000000   Number         0  stubs.o ABSOLUTE
    _printf_f                                0x00000000   Number         0  stubs.o ABSOLUTE
    _printf_flags                            0x00000000   Number         0  stubs.o ABSOLUTE
    _printf_fp_dec                           0x00000000   Number         0  stubs.o ABSOLUTE
    _printf_fp_hex                           0x00000000   Number         0  stubs.o ABSOLUTE
    _printf_g                                0x00000000   Number         0  stubs.o ABSOLUTE
    _printf_i                                0x00000000   Number         0  stubs.o ABSOLUTE
    _printf_int_dec                          0x00000000   Number         0  stubs.o ABSOLUTE
    _printf_l                                0x00000000   Number         0  stubs.o ABSOLUTE
    _printf_lc                               0x00000000   Number         0  stubs.o ABSOLUTE
    _printf_ll                               0x00000000   Number         0  stubs.o ABSOLUTE
    _printf_lld                              0x00000000   Number         0  stubs.o ABSOLUTE
    _printf_lli                              0x00000000   Number         0  stubs.o ABSOLUTE
    _printf_llo                              0x00000000   Number         0  stubs.o ABSOLUTE
    _printf_llu                              0x00000000   Number         0  stubs.o ABSOLUTE
    _printf_llx                              0x00000000   Number         0  stubs.o ABSOLUTE
    _printf_longlong_dec                     0x00000000   Number         0  stubs.o ABSOLUTE
    _printf_longlong_hex                     0x00000000   Number         0  stubs.o ABSOLUTE
    _printf_longlong_oct                     0x00000000   Number         0  stubs.o ABSOLUTE
    _printf_ls                               0x00000000   Number         0  stubs.o ABSOLUTE
    _printf_mbtowc                           0x00000000   Number         0  stubs.o ABSOLUTE
    _printf_n                                0x00000000   Number         0  stubs.o ABSOLUTE
    _printf_o                                0x00000000   Number         0  stubs.o ABSOLUTE
    _printf_p                                0x00000000   Number         0  stubs.o ABSOLUTE
    _printf_percent                          0x00000000   Number         0  stubs.o ABSOLUTE
    _printf_pre_padding                      0x00000000   Number         0  stubs.o ABSOLUTE
    _printf_return_value                     0x00000000   Number         0  stubs.o ABSOLUTE
    _printf_s                                0x00000000   Number         0  stubs.o ABSOLUTE
    _printf_sizespec                         0x00000000   Number         0  stubs.o ABSOLUTE
    _printf_str                              0x00000000   Number         0  stubs.o ABSOLUTE
    _printf_truncate_signed                  0x00000000   Number         0  stubs.o ABSOLUTE
    _printf_truncate_unsigned                0x00000000   Number         0  stubs.o ABSOLUTE
    _printf_u                                0x00000000   Number         0  stubs.o ABSOLUTE
    _printf_wc                               0x00000000   Number         0  stubs.o ABSOLUTE
    _printf_wctomb                           0x00000000   Number         0  stubs.o ABSOLUTE
    _printf_widthprec                        0x00000000   Number         0  stubs.o ABSOLUTE
    _printf_x                                0x00000000   Number         0  stubs.o ABSOLUTE
    __cpp_initialize__aeabi_                  - Undefined Weak Reference
    __cxa_finalize                            - Undefined Weak Reference
    __decompress                              - Undefined Weak Reference
    _clock_init                               - Undefined Weak Reference
    _microlib_exit                            - Undefined Weak Reference
    __Vectors_Size                           0x000000c0   Number         0  arm_startup_nrf51.o ABSOLUTE
    __Vectors                                0x0001c000   Data           4  arm_startup_nrf51.o(RESET)
    __Vectors_End                            0x0001c0c0   Data           0  arm_startup_nrf51.o(RESET)
    __main                                   0x0001c0c1   Thumb Code     0  entry.o(.ARM.Collect$$$$00000000)
    _main_stk                                0x0001c0c1   Thumb Code     0  entry2.o(.ARM.Collect$$$$00000001)
    _main_scatterload                        0x0001c0c5   Thumb Code     0  entry5.o(.ARM.Collect$$$$00000004)
    __main_after_scatterload                 0x0001c0c9   Thumb Code     0  entry5.o(.ARM.Collect$$$$00000004)
    _main_clock                              0x0001c0c9   Thumb Code     0  entry7b.o(.ARM.Collect$$$$00000008)
    _main_cpp_init                           0x0001c0c9   Thumb Code     0  entry8b.o(.ARM.Collect$$$$0000000A)
    _main_init                               0x0001c0c9   Thumb Code     0  entry9a.o(.ARM.Collect$$$$0000000B)
    __rt_final_cpp                           0x0001c0d1   Thumb Code     0  entry10a.o(.ARM.Collect$$$$0000000D)
    __rt_final_exit                          0x0001c0d1   Thumb Code     0  entry11a.o(.ARM.Collect$$$$0000000F)
    __asm___11_app_timer_c_cd27f9c3__nrf_delay_us 0x0001c0d5   Thumb Code    30  app_timer.o(.emb_text)
    Reset_Handler                            0x0001c0f5   Thumb Code    26  arm_startup_nrf51.o(.text)
    NMI_Handler                              0x0001c10f   Thumb Code     2  arm_startup_nrf51.o(.text)
    HardFault_Handler                        0x0001c111   Thumb Code     2  arm_startup_nrf51.o(.text)
    SVC_Handler                              0x0001c113   Thumb Code     2  arm_startup_nrf51.o(.text)
    PendSV_Handler                           0x0001c115   Thumb Code     2  arm_startup_nrf51.o(.text)
    SysTick_Handler                          0x0001c117   Thumb Code     2  arm_startup_nrf51.o(.text)
    CCM_AAR_IRQHandler                       0x0001c119   Thumb Code     0  arm_startup_nrf51.o(.text)
    ECB_IRQHandler                           0x0001c119   Thumb Code     0  arm_startup_nrf51.o(.text)
    LPCOMP_IRQHandler                        0x0001c119   Thumb Code     0  arm_startup_nrf51.o(.text)
    POWER_CLOCK_IRQHandler                   0x0001c119   Thumb Code     0  arm_startup_nrf51.o(.text)
    QDEC_IRQHandler                          0x0001c119   Thumb Code     0  arm_startup_nrf51.o(.text)
    RADIO_IRQHandler                         0x0001c119   Thumb Code     0  arm_startup_nrf51.o(.text)
    RNG_IRQHandler                           0x0001c119   Thumb Code     0  arm_startup_nrf51.o(.text)
    RTC0_IRQHandler                          0x0001c119   Thumb Code     0  arm_startup_nrf51.o(.text)
    SPI0_TWI0_IRQHandler                     0x0001c119   Thumb Code     0  arm_startup_nrf51.o(.text)
    SPI1_TWI1_IRQHandler                     0x0001c119   Thumb Code     0  arm_startup_nrf51.o(.text)
    SWI1_IRQHandler                          0x0001c119   Thumb Code     0  arm_startup_nrf51.o(.text)
    SWI3_IRQHandler                          0x0001c119   Thumb Code     0  arm_startup_nrf51.o(.text)
    SWI4_IRQHandler                          0x0001c119   Thumb Code     0  arm_startup_nrf51.o(.text)
    SWI5_IRQHandler                          0x0001c119   Thumb Code     0  arm_startup_nrf51.o(.text)
    TEMP_IRQHandler                          0x0001c119   Thumb Code     0  arm_startup_nrf51.o(.text)
    TIMER0_IRQHandler                        0x0001c119   Thumb Code     0  arm_startup_nrf51.o(.text)
    TIMER1_IRQHandler                        0x0001c119   Thumb Code     0  arm_startup_nrf51.o(.text)
    TIMER2_IRQHandler                        0x0001c119   Thumb Code     0  arm_startup_nrf51.o(.text)
    WDT_IRQHandler                           0x0001c119   Thumb Code     0  arm_startup_nrf51.o(.text)
    __aeabi_uidiv                            0x0001c12d   Thumb Code     0  uidiv.o(.text)
    __aeabi_uidivmod                         0x0001c12d   Thumb Code    44  uidiv.o(.text)
    __aeabi_idiv                             0x0001c159   Thumb Code     0  idiv.o(.text)
    __aeabi_idivmod                          0x0001c159   Thumb Code    40  idiv.o(.text)
    __aeabi_memcpy                           0x0001c181   Thumb Code    36  memcpya.o(.text)
    __aeabi_memcpy4                          0x0001c181   Thumb Code     0  memcpya.o(.text)
    __aeabi_memcpy8                          0x0001c181   Thumb Code     0  memcpya.o(.text)
    __aeabi_memset                           0x0001c1a5   Thumb Code    14  memseta.o(.text)
    __aeabi_memset4                          0x0001c1a5   Thumb Code     0  memseta.o(.text)
    __aeabi_memset8                          0x0001c1a5   Thumb Code     0  memseta.o(.text)
    __aeabi_memclr                           0x0001c1b3   Thumb Code     4  memseta.o(.text)
    __aeabi_memclr4                          0x0001c1b3   Thumb Code     0  memseta.o(.text)
    __aeabi_memclr8                          0x0001c1b3   Thumb Code     0  memseta.o(.text)
    _memset$wrapper                          0x0001c1b7   Thumb Code    18  memseta.o(.text)
    memcmp                                   0x0001c1c9   Thumb Code    26  memcmp.o(.text)
    __aeabi_uldivmod                         0x0001c1e3   Thumb Code    96  uldiv.o(.text)
    __scatterload                            0x0001c245   Thumb Code    28  init.o(.text)
    __scatterload_rt2                        0x0001c245   Thumb Code     0  init.o(.text)
    __aeabi_llsl                             0x0001c269   Thumb Code    32  llshl.o(.text)
    _ll_shift_l                              0x0001c269   Thumb Code     0  llshl.o(.text)
    __aeabi_llsr                             0x0001c289   Thumb Code    34  llushr.o(.text)
    _ll_ushift_r                             0x0001c289   Thumb Code     0  llushr.o(.text)
    ADC_IRQHandler                           0x0001c2ad   Thumb Code    62  main.o(i.ADC_IRQHandler)
    GPIOTE_IRQHandler                        0x0001c30d   Thumb Code   234  nrf_drv_gpiote.o(i.GPIOTE_IRQHandler)
    RTC1_IRQHandler                          0x0001c459   Thumb Code    28  app_timer.o(i.RTC1_IRQHandler)
    SWI0_IRQHandler                          0x0001c479   Thumb Code    78  app_timer.o(i.SWI0_IRQHandler)
    SWI2_IRQHandler                          0x0001c4cd   Thumb Code    32  softdevice_handler.o(i.SWI2_IRQHandler)
    SystemInit                               0x0001c4f1   Thumb Code    64  system_nrf51.o(i.SystemInit)
    UART0_IRQHandler                         0x0001c545   Thumb Code   110  app_uart_fifo.o(i.UART0_IRQHandler)
    __0printf$8                              0x0001c5c5   Thumb Code    24  printf8.o(i.__0printf$8)
    __1printf$8                              0x0001c5c5   Thumb Code     0  printf8.o(i.__0printf$8)
    __2printf                                0x0001c5c5   Thumb Code     0  printf8.o(i.__0printf$8)
    __ARM_common_switch8                     0x0001c5e5   Thumb Code    26  bsp.o(i.__ARM_common_switch8)
    __scatterload_copy                       0x0001c5ff   Thumb Code    14  handlers.o(i.__scatterload_copy)
    __scatterload_null                       0x0001c60d   Thumb Code     2  handlers.o(i.__scatterload_null)
    __scatterload_zeroinit                   0x0001c60f   Thumb Code    14  handlers.o(i.__scatterload_zeroinit)
    action_tx_stop                           0x0001cadd   Thumb Code    26  app_uart_fifo.o(i.action_tx_stop)
    adc_calibrate                            0x0001cb21   Thumb Code    42  main.o(i.adc_calibrate)
    app_button_enable                        0x0001cd0d   Thumb Code    32  app_button.o(i.app_button_enable)
    app_button_init                          0x0001cd31   Thumb Code   102  app_button.o(i.app_button_init)
    app_error_handler                        0x0001cda9   Thumb Code    16  app_error.o(i.app_error_handler)
    app_fifo_get                             0x0001ce15   Thumb Code    34  app_fifo.o(i.app_fifo_get)
    app_fifo_init                            0x0001ce37   Thumb Code    36  app_fifo.o(i.app_fifo_init)
    app_fifo_put                             0x0001ce5b   Thumb Code    34  app_fifo.o(i.app_fifo_put)
    app_timer_create                         0x0001cec9   Thumb Code    72  app_timer.o(i.app_timer_create)
    app_timer_init                           0x0001cf15   Thumb Code   164  app_timer.o(i.app_timer_init)
    app_timer_start                          0x0001cfc9   Thumb Code   122  app_timer.o(i.app_timer_start)
    app_timer_stop                           0x0001d04d   Thumb Code    82  app_timer.o(i.app_timer_stop)
    app_trace_dump                           0x0001d0a5   Thumb Code    38  app_trace.o(i.app_trace_dump)
    app_trace_init                           0x0001d0d9   Thumb Code    56  app_trace.o(i.app_trace_init)
    app_uart_init                            0x0001d121   Thumb Code   354  app_uart_fifo.o(i.app_uart_init)
    app_uart_put                             0x0001d2b5   Thumb Code    22  app_uart_fifo.o(i.app_uart_put)
    ble_advdata_set                          0x0001d2d1   Thumb Code    90  ble_advdata.o(i.ble_advdata_set)
    ble_advertising_init                     0x0001d32d   Thumb Code   284  ble_advertising.o(i.ble_advertising_init)
    ble_advertising_on_ble_evt               0x0001d451   Thumb Code   144  ble_advertising.o(i.ble_advertising_on_ble_evt)
    ble_advertising_on_sys_evt               0x0001d58d   Thumb Code    42  ble_advertising.o(i.ble_advertising_on_sys_evt)
    ble_advertising_restart_without_whitelist 0x0001d5cd   Thumb Code    56  ble_advertising.o(i.ble_advertising_restart_without_whitelist)
    ble_advertising_start                    0x0001d60d   Thumb Code   500  ble_advertising.o(i.ble_advertising_start)
    ble_conn_params_init                     0x0001d8f1   Thumb Code    72  ble_conn_params.o(i.ble_conn_params_init)
    ble_conn_params_on_ble_evt               0x0001d945   Thumb Code   134  ble_conn_params.o(i.ble_conn_params_on_ble_evt)
    ble_nus_init                             0x0001da2d   Thumb Code    98  ble_nus.o(i.ble_nus_init)
    ble_nus_on_ble_evt                       0x0001da95   Thumb Code    88  ble_nus.o(i.ble_nus_on_ble_evt)
    ble_nus_string_send                      0x0001daed   Thumb Code    78  ble_nus.o(i.ble_nus_string_send)
    bond_data_load                           0x0001dba9   Thumb Code   138  device_manager_peripheral.o(i.bond_data_load)
    bsp_btn_ble_init                         0x0001dcc9   Thumb Code    80  bsp_btn_ble.o(i.bsp_btn_ble_init)
    bsp_btn_ble_on_ble_evt                   0x0001dd1d   Thumb Code   114  bsp_btn_ble.o(i.bsp_btn_ble_on_ble_evt)
    bsp_btn_ble_sleep_mode_prepare           0x0001dd95   Thumb Code    20  bsp_btn_ble.o(i.bsp_btn_ble_sleep_mode_prepare)
    bsp_button_is_pressed                    0x0001de45   Thumb Code    34  bsp.o(i.bsp_button_is_pressed)
    bsp_event_handler                        0x0001de71   Thumb Code    54  main.o(i.bsp_event_handler)
    bsp_event_to_button_action_assign        0x0001dead   Thumb Code    66  bsp.o(i.bsp_event_to_button_action_assign)
    bsp_indication_set                       0x0001def5   Thumb Code    22  bsp.o(i.bsp_indication_set)
    bsp_init                                 0x0001df11   Thumb Code   134  bsp.o(i.bsp_init)
    bsp_wakeup_buttons_set                   0x0001e1a1   Thumb Code    50  bsp.o(i.bsp_wakeup_buttons_set)
    dm_ble_evt_handler                       0x0001eda5   Thumb Code  1642  device_manager_peripheral.o(i.dm_ble_evt_handler)
    dm_handle_initialize                     0x0001f4d9   Thumb Code    22  device_manager_peripheral.o(i.dm_handle_initialize)
    dm_init                                  0x0001f4f5   Thumb Code   296  device_manager_peripheral.o(i.dm_init)
    dm_register                              0x0001fa21   Thumb Code   124  device_manager_peripheral.o(i.dm_register)
    fputc                                    0x0001fc4d   Thumb Code    14  retarget.o(i.fputc)
    intern_softdevice_events_execute         0x0002039d   Thumb Code   124  softdevice_handler.o(i.intern_softdevice_events_execute)
    main                                     0x0002066d   Thumb Code   430  main.o(i.main)
    nrf_drv_common_irq_enable                0x00020a15   Thumb Code    78  nrf_drv_common.o(i.nrf_drv_common_irq_enable)
    nrf_drv_gpiote_in_event_enable           0x00020a75   Thumb Code   138  nrf_drv_gpiote.o(i.nrf_drv_gpiote_in_event_enable)
    nrf_drv_gpiote_in_init                   0x00020b15   Thumb Code   130  nrf_drv_gpiote.o(i.nrf_drv_gpiote_in_init)
    nrf_drv_gpiote_in_is_set                 0x00020ba9   Thumb Code    16  nrf_drv_gpiote.o(i.nrf_drv_gpiote_in_is_set)
    nrf_drv_gpiote_init                      0x00020bbd   Thumb Code    76  nrf_drv_gpiote.o(i.nrf_drv_gpiote_init)
    nrf_drv_gpiote_is_init                   0x00020c11   Thumb Code    12  nrf_drv_gpiote.o(i.nrf_drv_gpiote_is_init)
    nrf_drv_gpiote_out_init                  0x00020c21   Thumb Code   130  nrf_drv_gpiote.o(i.nrf_drv_gpiote_out_init)
    nus_data_handler                         0x00020ced   Thumb Code    38  main.o(i.nus_data_handler)
    pstorage_access_status_get               0x00020eb9   Thumb Code    30  pstorage.o(i.pstorage_access_status_get)
    pstorage_block_identifier_get            0x00020ee1   Thumb Code    78  pstorage.o(i.pstorage_block_identifier_get)
    pstorage_clear                           0x00020f39   Thumb Code   160  pstorage.o(i.pstorage_clear)
    pstorage_init                            0x00021011   Thumb Code    82  pstorage.o(i.pstorage_init)
    pstorage_load                            0x0002106d   Thumb Code   162  pstorage.o(i.pstorage_load)
    pstorage_register                        0x00021119   Thumb Code   170  pstorage.o(i.pstorage_register)
    pstorage_store                           0x000211cd   Thumb Code   138  pstorage.o(i.pstorage_store)
    pstorage_sys_event_handler               0x00021261   Thumb Code    72  pstorage.o(i.pstorage_sys_event_handler)
    pstorage_update                          0x000212ad   Thumb Code   138  pstorage.o(i.pstorage_update)
    softdevice_assertion_handler             0x0002151d   Thumb Code    12  softdevice_handler.o(i.softdevice_assertion_handler)
    softdevice_ble_evt_handler_set           0x00021529   Thumb Code    16  softdevice_handler.o(i.softdevice_ble_evt_handler_set)
    softdevice_handler_init                  0x0002153d   Thumb Code    40  softdevice_handler.o(i.softdevice_handler_init)
    softdevice_sys_evt_handler_set           0x0002156d   Thumb Code    16  softdevice_handler.o(i.softdevice_sys_evt_handler_set)
    uart_error_handle                        0x00021971   Thumb Code    24  app_trace.o(i.uart_error_handle)
    write_adc_result_to_leds                 0x00021b5d   Thumb Code    60  main.o(i.write_adc_result_to_leds)
    m_context_init_len                       0x00021bd4   Data           4  device_manager_peripheral.o(.constdata)
    m_service_context_store                  0x00021bd8   Data          16  device_manager_peripheral.o(.constdata)
    m_service_context_load                   0x00021be8   Data          16  device_manager_peripheral.o(.constdata)
    m_service_context_apply                  0x00021bf8   Data          16  device_manager_peripheral.o(.constdata)
    Region$$Table$$Base                      0x00022014   Number         0  anon$$obj.o(Region$$Table)
    Region$$Table$$Limit                     0x00022034   Number         0  anon$$obj.o(Region$$Table)
    SystemCoreClock                          0x20002834   Data           4  system_nrf51.o(.data)
    __stdout                                 0x200028f4   Data           4  retarget.o(.data)
    __initial_sp                             0x20003968   Data           0  arm_startup_nrf51.o(STACK)



==============================================================================

Memory Map of the image

  Image Entry point : 0x0001c0c1

  Load Region LR_IROM1 (Base: 0x0001c000, Size: 0x00006140, Max: 0x00024000, ABSOLUTE)

    Execution Region ER_IROM1 (Base: 0x0001c000, Size: 0x00006034, Max: 0x00024000, ABSOLUTE)

    Base Addr    Size         Type   Attr      Idx    E Section Name        Object

    0x0001c000   0x000000c0   Data   RO          430    RESET               arm_startup_nrf51.o
    0x0001c0c0   0x00000000   Code   RO         2003  * .ARM.Collect$$$$00000000  mc_p.l(entry.o)
    0x0001c0c0   0x00000004   Code   RO         2281    .ARM.Collect$$$$00000001  mc_p.l(entry2.o)
    0x0001c0c4   0x00000004   Code   RO         2284    .ARM.Collect$$$$00000004  mc_p.l(entry5.o)
    0x0001c0c8   0x00000000   Code   RO         2286    .ARM.Collect$$$$00000008  mc_p.l(entry7b.o)
    0x0001c0c8   0x00000000   Code   RO         2288    .ARM.Collect$$$$0000000A  mc_p.l(entry8b.o)
    0x0001c0c8   0x00000008   Code   RO         2289    .ARM.Collect$$$$0000000B  mc_p.l(entry9a.o)
    0x0001c0d0   0x00000000   Code   RO         2291    .ARM.Collect$$$$0000000D  mc_p.l(entry10a.o)
    0x0001c0d0   0x00000000   Code   RO         2293    .ARM.Collect$$$$0000000F  mc_p.l(entry11a.o)
    0x0001c0d0   0x00000004   Code   RO         2282    .ARM.Collect$$$$00002712  mc_p.l(entry2.o)
    0x0001c0d4   0x0000001e   Code   RO         1684    .emb_text           app_timer.o
    0x0001c0f2   0x00000002   PAD
    0x0001c0f4   0x00000038   Code   RO          431    .text               arm_startup_nrf51.o
    0x0001c12c   0x0000002c   Code   RO         2006    .text               mc_p.l(uidiv.o)
    0x0001c158   0x00000028   Code   RO         2008    .text               mc_p.l(idiv.o)
    0x0001c180   0x00000024   Code   RO         2010    .text               mc_p.l(memcpya.o)
    0x0001c1a4   0x00000024   Code   RO         2012    .text               mc_p.l(memseta.o)
    0x0001c1c8   0x0000001a   Code   RO         2016    .text               mc_p.l(memcmp.o)
    0x0001c1e2   0x00000060   Code   RO         2295    .text               mc_p.l(uldiv.o)
    0x0001c242   0x00000002   PAD
    0x0001c244   0x00000024   Code   RO         2308    .text               mc_p.l(init.o)
    0x0001c268   0x00000020   Code   RO         2310    .text               mc_p.l(llshl.o)
    0x0001c288   0x00000022   Code   RO         2312    .text               mc_p.l(llushr.o)
    0x0001c2aa   0x00000002   PAD
    0x0001c2ac   0x00000060   Code   RO            3    i.ADC_IRQHandler    main.o
    0x0001c30c   0x00000108   Code   RO         1070    i.GPIOTE_IRQHandler  nrf_drv_gpiote.o
    0x0001c414   0x00000044   Code   RO         1685    i.NVIC_SetPriority  app_timer.o
    0x0001c458   0x00000020   Code   RO         1686    i.RTC1_IRQHandler   app_timer.o
    0x0001c478   0x00000054   Code   RO         1687    i.SWI0_IRQHandler   app_timer.o
    0x0001c4cc   0x00000024   Code   RO         1947    i.SWI2_IRQHandler   softdevice_handler.o
    0x0001c4f0   0x00000054   Code   RO          438    i.SystemInit        system_nrf51.o
    0x0001c544   0x00000080   Code   RO         1500    i.UART0_IRQHandler  app_uart_fifo.o
    0x0001c5c4   0x00000020   Code   RO         2227    i.__0printf$8       mc_p.l(printf8.o)
    0x0001c5e4   0x0000001a   Code   RO          376    i.__ARM_common_switch8  bsp.o
    0x0001c5fe   0x0000000e   Code   RO         2322    i.__scatterload_copy  mc_p.l(handlers.o)
    0x0001c60c   0x00000002   Code   RO         2323    i.__scatterload_null  mc_p.l(handlers.o)
    0x0001c60e   0x0000000e   Code   RO         2324    i.__scatterload_zeroinit  mc_p.l(handlers.o)
    0x0001c61c   0x00000428   Code   RO         2234    i._printf_core      mc_p.l(printf8.o)
    0x0001ca44   0x00000020   Code   RO         2235    i._printf_post_padding  mc_p.l(printf8.o)
    0x0001ca64   0x0000002c   Code   RO         2236    i._printf_pre_padding  mc_p.l(printf8.o)
    0x0001ca90   0x0000004c   Code   RO         1501    i.action_tx_send    app_uart_fifo.o
    0x0001cadc   0x00000024   Code   RO         1502    i.action_tx_stop    app_uart_fifo.o
    0x0001cb00   0x00000020   Code   RO         1503    i.action_uart_deactivate  app_uart_fifo.o
    0x0001cb20   0x0000002a   Code   RO            4    i.adc_calibrate     main.o
    0x0001cb4a   0x00000002   PAD
    0x0001cb4c   0x00000020   Code   RO            5    i.adc_sampling_timeout_handler  main.o
    0x0001cb6c   0x0000014a   Code   RO          472    i.adv_data_encode   ble_advdata.o
    0x0001ccb6   0x0000003c   Code   RO          391    i.advertising_buttons_configure  bsp_btn_ble.o
    0x0001ccf2   0x00000002   PAD
    0x0001ccf4   0x00000018   Code   RO          285    i.alert_timer_handler  bsp.o
    0x0001cd0c   0x00000024   Code   RO         1605    i.app_button_enable  app_button.o
    0x0001cd30   0x00000078   Code   RO         1606    i.app_button_init   app_button.o
    0x0001cda8   0x00000018   Code   RO         1661    i.app_error_handler  app_error.o
    0x0001cdc0   0x00000054   Code   RO          700    i.app_evt_notify    device_manager_peripheral.o
    0x0001ce14   0x00000022   Code   RO         1916    i.app_fifo_get      app_fifo.o
    0x0001ce36   0x00000024   Code   RO         1917    i.app_fifo_init     app_fifo.o
    0x0001ce5a   0x00000022   Code   RO         1918    i.app_fifo_put      app_fifo.o
    0x0001ce7c   0x0000002c   Code   RO         1256    i.app_notify        pstorage.o
    0x0001cea8   0x00000020   Code   RO         1257    i.app_notify_error_state_transit  pstorage.o
    0x0001cec8   0x0000004c   Code   RO         1690    i.app_timer_create  app_timer.o
    0x0001cf14   0x000000b4   Code   RO         1691    i.app_timer_init    app_timer.o
    0x0001cfc8   0x00000084   Code   RO         1692    i.app_timer_start   app_timer.o
    0x0001d04c   0x00000058   Code   RO         1693    i.app_timer_stop    app_timer.o
    0x0001d0a4   0x00000034   Code   RO         1832    i.app_trace_dump    app_trace.o
    0x0001d0d8   0x00000048   Code   RO         1833    i.app_trace_init    app_trace.o
    0x0001d120   0x00000194   Code   RO         1508    i.app_uart_init     app_uart_fifo.o
    0x0001d2b4   0x0000001c   Code   RO         1509    i.app_uart_put      app_uart_fifo.o
    0x0001d2d0   0x0000005a   Code   RO          473    i.ble_advdata_set   ble_advdata.o
    0x0001d32a   0x00000002   PAD
    0x0001d32c   0x00000124   Code   RO          535    i.ble_advertising_init  ble_advertising.o
    0x0001d450   0x0000013c   Code   RO          536    i.ble_advertising_on_ble_evt  ble_advertising.o
    0x0001d58c   0x00000030   Code   RO          537    i.ble_advertising_on_sys_evt  ble_advertising.o
    0x0001d5bc   0x00000010   Code   RO          539    i.ble_advertising_peer_address_clear  ble_advertising.o
    0x0001d5cc   0x00000040   Code   RO          540    i.ble_advertising_restart_without_whitelist  ble_advertising.o
    0x0001d60c   0x000002e4   Code   RO          541    i.ble_advertising_start  ble_advertising.o
    0x0001d8f0   0x00000054   Code   RO          609    i.ble_conn_params_init  ble_conn_params.o
    0x0001d944   0x00000090   Code   RO          610    i.ble_conn_params_on_ble_evt  ble_conn_params.o
    0x0001d9d4   0x00000058   Code   RO            7    i.ble_evt_dispatch  main.o
    0x0001da2c   0x00000068   Code   RO          973    i.ble_nus_init      ble_nus.o
    0x0001da94   0x00000058   Code   RO          974    i.ble_nus_on_ble_evt  ble_nus.o
    0x0001daec   0x00000054   Code   RO          975    i.ble_nus_string_send  ble_nus.o
    0x0001db40   0x00000068   Code   RO            8    i.ble_stack_init    main.o
    0x0001dba8   0x00000120   Code   RO          701    i.bond_data_load    device_manager_peripheral.o
    0x0001dcc8   0x00000054   Code   RO          392    i.bsp_btn_ble_init  bsp_btn_ble.o
    0x0001dd1c   0x00000078   Code   RO          393    i.bsp_btn_ble_on_ble_evt  bsp_btn_ble.o
    0x0001dd94   0x00000014   Code   RO          394    i.bsp_btn_ble_sleep_mode_prepare  bsp_btn_ble.o
    0x0001dda8   0x0000009c   Code   RO          286    i.bsp_button_event_handler  bsp.o
    0x0001de44   0x0000002c   Code   RO          287    i.bsp_button_is_pressed  bsp.o
    0x0001de70   0x0000003c   Code   RO            9    i.bsp_event_handler  main.o
    0x0001deac   0x00000048   Code   RO          291    i.bsp_event_to_button_action_assign  bsp.o
    0x0001def4   0x0000001c   Code   RO          292    i.bsp_indication_set  bsp.o
    0x0001df10   0x000000a0   Code   RO          294    i.bsp_init          bsp.o
    0x0001dfb0   0x000001f0   Code   RO          295    i.bsp_led_indication  bsp.o
    0x0001e1a0   0x0000003c   Code   RO          296    i.bsp_wakeup_buttons_set  bsp.o
    0x0001e1dc   0x0000000c   Code   RO          297    i.button_timer_handler  bsp.o
    0x0001e1e8   0x0000001c   Code   RO         1071    i.channel_free      nrf_drv_gpiote.o
    0x0001e204   0x00000048   Code   RO         1072    i.channel_port_alloc  nrf_drv_gpiote.o
    0x0001e24c   0x00000010   Code   RO         1073    i.channel_port_get  nrf_drv_gpiote.o
    0x0001e25c   0x00000104   Code   RO         1258    i.clear_operation_execute  pstorage.o
    0x0001e360   0x00000024   Code   RO         1259    i.clear_post_processing_run  pstorage.o
    0x0001e384   0x00000038   Code   RO         1260    i.cmd_process       pstorage.o
    0x0001e3bc   0x00000020   Code   RO         1261    i.cmd_queue_element_init  pstorage.o
    0x0001e3dc   0x0000004c   Code   RO         1262    i.cmd_queue_enqueue  pstorage.o
    0x0001e428   0x0000003c   Code   RO         1263    i.command_end_procedure_run  pstorage.o
    0x0001e464   0x000000a4   Code   RO         1695    i.compare_reg_update  app_timer.o
    0x0001e508   0x00000084   Code   RO          474    i.conn_int_encode   ble_advdata.o
    0x0001e58c   0x0000000c   Code   RO           10    i.conn_params_error_handler  main.o
    0x0001e598   0x00000064   Code   RO          612    i.conn_params_negotiation  ble_conn_params.o
    0x0001e5fc   0x000000d8   Code   RO          702    i.connection_instance_allocate  device_manager_peripheral.o
    0x0001e6d4   0x00000030   Code   RO          703    i.connection_instance_find  device_manager_peripheral.o
    0x0001e704   0x00000060   Code   RO          704    i.connection_instance_init  device_manager_peripheral.o
    0x0001e764   0x00000054   Code   RO         1264    i.data_page_erase_state_run  pstorage.o
    0x0001e7b8   0x00000028   Code   RO         1265    i.data_to_swap_write_state_run  pstorage.o
    0x0001e7e0   0x00000060   Code   RO         1608    i.detection_delay_timeout_handler  app_button.o
    0x0001e840   0x00000248   Code   RO          705    i.device_context_store  device_manager_peripheral.o
    0x0001ea88   0x00000118   Code   RO          706    i.device_instance_allocate  device_manager_peripheral.o
    0x0001eba0   0x00000120   Code   RO          707    i.device_instance_find  device_manager_peripheral.o
    0x0001ecc0   0x0000005c   Code   RO          708    i.device_instance_free  device_manager_peripheral.o
    0x0001ed1c   0x00000012   Code   RO           11    i.device_manager_evt_handler  main.o
    0x0001ed2e   0x00000002   PAD
    0x0001ed30   0x00000074   Code   RO           12    i.device_manager_init  main.o
    0x0001eda4   0x00000734   Code   RO          713    i.dm_ble_evt_handler  device_manager_peripheral.o
    0x0001f4d8   0x0000001c   Code   RO          719    i.dm_handle_initialize  device_manager_peripheral.o
    0x0001f4f4   0x000002cc   Code   RO          720    i.dm_init           device_manager_peripheral.o
    0x0001f7c0   0x00000260   Code   RO          723    i.dm_pstorage_cb_handler  device_manager_peripheral.o
    0x0001fa20   0x000000e0   Code   RO          724    i.dm_register       device_manager_peripheral.o
    0x0001fb00   0x00000040   Code   RO         1696    i.elapsed_ticks_acquire  app_timer.o
    0x0001fb40   0x00000058   Code   RO         1697    i.expired_timers_handler  app_timer.o
    0x0001fb98   0x00000020   Code   RO         1266    i.flash_api_err_code_process  pstorage.o
    0x0001fbb8   0x00000080   Code   RO         1267    i.flash_operation_success_run  pstorage.o
    0x0001fc38   0x0000000a   Code   RO         1268    i.flash_page_erase  pstorage.o
    0x0001fc42   0x0000000a   Code   RO         1269    i.flash_write       pstorage.o
    0x0001fc4c   0x0000000e   Code   RO         1884    i.fputc             retarget.o
    0x0001fc5a   0x00000002   PAD
    0x0001fc5c   0x0000002c   Code   RO          731    i.gattc_context_apply  device_manager_peripheral.o
    0x0001fc88   0x0000002c   Code   RO          732    i.gattc_context_load  device_manager_peripheral.o
    0x0001fcb4   0x0000002c   Code   RO          733    i.gattc_context_store  device_manager_peripheral.o
    0x0001fce0   0x000001a0   Code   RO          734    i.gatts_context_apply  device_manager_peripheral.o
    0x0001fe80   0x000000e0   Code   RO          735    i.gatts_context_load  device_manager_peripheral.o
    0x0001ff60   0x00000294   Code   RO          736    i.gatts_context_store  device_manager_peripheral.o
    0x000201f4   0x00000040   Code   RO          737    i.gattsc_context_apply  device_manager_peripheral.o
    0x00020234   0x00000044   Code   RO          738    i.gattsc_context_load  device_manager_peripheral.o
    0x00020278   0x00000048   Code   RO          739    i.gattsc_context_store  device_manager_peripheral.o
    0x000202c0   0x0000004c   Code   RO         1609    i.gpiote_event_handler  app_button.o
    0x0002030c   0x00000016   Code   RO         1510    i.gpiote_uart_event_handler  app_uart_fifo.o
    0x00020322   0x00000002   PAD
    0x00020324   0x00000078   Code   RO         1270    i.head_restore_state_run  pstorage.o
    0x0002039c   0x00000080   Code   RO         1948    i.intern_softdevice_events_execute  softdevice_handler.o
    0x0002041c   0x0000001c   Code   RO          613    i.is_conn_params_ok  ble_conn_params.o
    0x00020438   0x00000048   Code   RO          439    i.is_manual_peripheral_setup_needed  system_nrf51.o
    0x00020480   0x00000044   Code   RO         1271    i.is_page_erase_required  pstorage.o
    0x000204c4   0x0000000c   Code   RO         1272    i.is_word_aligned   pstorage.o
    0x000204d0   0x00000018   Code   RO          298    i.leds_timer_handler  bsp.o
    0x000204e8   0x00000094   Code   RO         1698    i.list_deletions_handler  app_timer.o
    0x0002057c   0x000000f0   Code   RO         1699    i.list_insertions_handler  app_timer.o
    0x0002066c   0x000001f4   Code   RO           13    i.main              main.o
    0x00020860   0x00000018   Code   RO         1273    i.main_state_err_busy_process  pstorage.o
    0x00020878   0x00000064   Code   RO          475    i.manuf_specific_data_encode  ble_advdata.o
    0x000208dc   0x0000006a   Code   RO          476    i.name_encode       ble_advdata.o
    0x00020946   0x00000002   PAD
    0x00020948   0x00000068   Code   RO          740    i.no_service_context_apply  device_manager_peripheral.o
    0x000209b0   0x00000030   Code   RO          741    i.no_service_context_load  device_manager_peripheral.o
    0x000209e0   0x00000034   Code   RO          742    i.no_service_context_store  device_manager_peripheral.o
    0x00020a14   0x00000060   Code   RO         1041    i.nrf_drv_common_irq_enable  nrf_drv_common.o
    0x00020a74   0x000000a0   Code   RO         1076    i.nrf_drv_gpiote_in_event_enable  nrf_drv_gpiote.o
    0x00020b14   0x00000094   Code   RO         1077    i.nrf_drv_gpiote_in_init  nrf_drv_gpiote.o
    0x00020ba8   0x00000014   Code   RO         1078    i.nrf_drv_gpiote_in_is_set  nrf_drv_gpiote.o
    0x00020bbc   0x00000054   Code   RO         1080    i.nrf_drv_gpiote_init  nrf_drv_gpiote.o
    0x00020c10   0x00000010   Code   RO         1081    i.nrf_drv_gpiote_is_init  nrf_drv_gpiote.o
    0x00020c20   0x00000098   Code   RO         1083    i.nrf_drv_gpiote_out_init  nrf_drv_gpiote.o
    0x00020cb8   0x00000020   Code   RO         1093    i.nrf_gpio_cfg_sense_set  nrf_drv_gpiote.o
    0x00020cd8   0x00000014   Code   RO         1094    i.nrf_gpiote_event_is_set  nrf_drv_gpiote.o
    0x00020cec   0x00000040   Code   RO           14    i.nus_data_handler  main.o
    0x00020d2c   0x00000024   Code   RO           15    i.on_adv_evt        main.o
    0x00020d50   0x00000024   Code   RO           16    i.on_conn_params_evt  main.o
    0x00020d74   0x00000088   Code   RO         1511    i.on_uart_event     app_uart_fifo.o
    0x00020dfc   0x00000016   Code   RO          543    i.peer_address_exists  ble_advertising.o
    0x00020e12   0x00000002   PAD
    0x00020e14   0x00000074   Code   RO          743    i.peer_instance_init  device_manager_peripheral.o
    0x00020e88   0x00000018   Code   RO         1095    i.pin_in_use_by_port  nrf_drv_gpiote.o
    0x00020ea0   0x00000018   Code   RO         1096    i.pin_in_use_by_te  nrf_drv_gpiote.o
    0x00020eb8   0x00000028   Code   RO         1274    i.pstorage_access_status_get  pstorage.o
    0x00020ee0   0x00000058   Code   RO         1275    i.pstorage_block_identifier_get  pstorage.o
    0x00020f38   0x000000a8   Code   RO         1276    i.pstorage_clear    pstorage.o
    0x00020fe0   0x00000024   Code   RO         1277    i.pstorage_flash_page_end  pstorage.o
    0x00021004   0x0000000a   Code   RO         1278    i.pstorage_flash_page_size  pstorage.o
    0x0002100e   0x00000002   PAD
    0x00021010   0x0000005c   Code   RO         1279    i.pstorage_init     pstorage.o
    0x0002106c   0x000000ac   Code   RO         1280    i.pstorage_load     pstorage.o
    0x00021118   0x000000b4   Code   RO         1281    i.pstorage_register  pstorage.o
    0x000211cc   0x00000094   Code   RO         1282    i.pstorage_store    pstorage.o
    0x00021260   0x0000004c   Code   RO         1283    i.pstorage_sys_event_handler  pstorage.o
    0x000212ac   0x00000094   Code   RO         1284    i.pstorage_update   pstorage.o
    0x00021340   0x00000044   Code   RO         1700    i.rtc1_stop         app_timer.o
    0x00021384   0x0000009e   Code   RO          976    i.rx_char_add       ble_nus.o
    0x00021422   0x0000007c   Code   RO          477    i.service_data_encode  ble_advdata.o
    0x0002149e   0x00000034   Code   RO           17    i.sleep_mode_enter  main.o
    0x000214d2   0x00000002   PAD
    0x000214d4   0x00000048   Code   RO         1285    i.sm_state_change   pstorage.o
    0x0002151c   0x0000000c   Code   RO         1949    i.softdevice_assertion_handler  softdevice_handler.o
    0x00021528   0x00000014   Code   RO         1950    i.softdevice_ble_evt_handler_set  softdevice_handler.o
    0x0002153c   0x00000030   Code   RO         1951    i.softdevice_handler_init  softdevice_handler.o
    0x0002156c   0x00000014   Code   RO         1953    i.softdevice_sys_evt_handler_set  softdevice_handler.o
    0x00021580   0x00000064   Code   RO         1286    i.state_data_erase_swap_entry_run  pstorage.o
    0x000215e4   0x00000010   Code   RO         1287    i.state_erase_data_page_entry_run  pstorage.o
    0x000215f4   0x00000028   Code   RO         1288    i.state_restore_head_entry_run  pstorage.o
    0x0002161c   0x0000004c   Code   RO         1289    i.state_restore_tail_entry_run  pstorage.o
    0x00021668   0x00000020   Code   RO         1290    i.state_swap_erase_entry_run  pstorage.o
    0x00021688   0x00000030   Code   RO         1291    i.state_write_data_swap_entry_run  pstorage.o
    0x000216b8   0x00000004   Code   RO          744    i.storage_operation_dummy_handler  device_manager_peripheral.o
    0x000216bc   0x0000005c   Code   RO         1292    i.store_cmd_flash_write_execute  pstorage.o
    0x00021718   0x0000001c   Code   RO         1293    i.swap_erase_state_run  pstorage.o
    0x00021734   0x00000018   Code   RO         1294    i.swap_sub_state_err_busy_process  pstorage.o
    0x0002174c   0x00000014   Code   RO         1295    i.swap_sub_state_state_change  pstorage.o
    0x00021760   0x00000010   Code   RO           18    i.sys_evt_dispatch  main.o
    0x00021770   0x0000001c   Code   RO         1296    i.tail_restore_state_run  pstorage.o
    0x0002178c   0x00000010   Code   RO         1701    i.timer_list_handler_sched  app_timer.o
    0x0002179c   0x00000064   Code   RO         1702    i.timer_list_insert  app_timer.o
    0x00021800   0x00000070   Code   RO         1703    i.timer_list_remove  app_timer.o
    0x00021870   0x00000080   Code   RO         1704    i.timer_timeouts_check  app_timer.o
    0x000218f0   0x00000080   Code   RO          977    i.tx_char_add       ble_nus.o
    0x00021970   0x00000018   Code   RO         1834    i.uart_error_handle  app_trace.o
    0x00021988   0x0000000a   Code   RO          478    i.uint16_encode     ble_advdata.o
    0x00021992   0x00000002   PAD
    0x00021994   0x00000014   Code   RO          745    i.update_status_bit_reset  device_manager_peripheral.o
    0x000219a8   0x00000064   Code   RO          614    i.update_timeout_handler  ble_conn_params.o
    0x00021a0c   0x00000054   Code   RO         1705    i.user_id_get       app_timer.o
    0x00021a60   0x00000024   Code   RO         1706    i.user_op_alloc     app_timer.o
    0x00021a84   0x00000026   Code   RO          479    i.uuid_list_encode  ble_advdata.o
    0x00021aaa   0x000000a2   Code   RO          480    i.uuid_list_sized_encode  ble_advdata.o
    0x00021b4c   0x00000010   Code   RO          544    i.whitelist_has_entries  ble_advertising.o
    0x00021b5c   0x00000048   Code   RO           19    i.write_adc_result_to_leds  main.o
    0x00021ba4   0x00000030   Data   RO          300    .constdata          bsp.o
    0x00021bd4   0x00000034   Data   RO          747    .constdata          device_manager_peripheral.o
    0x00021c08   0x00000010   Data   RO          978    .constdata          ble_nus.o
    0x00021c18   0x00000028   Data   RO         1298    .constdata          pstorage.o
    0x00021c40   0x00000008   Data   RO         1513    .constdata          app_uart_fifo.o
    0x00021c48   0x00000004   Data   RO         1610    .constdata          app_button.o
    0x00021c4c   0x0000000c   Data   RO         1836    .constdata          app_trace.o
    0x00021c58   0x00000045   Data   RO          546    .conststring        ble_advertising.o
    0x00021c9d   0x00000003   PAD
    0x00021ca0   0x00000374   Data   RO          748    .conststring        device_manager_peripheral.o
    0x00022014   0x00000020   Data   RO         2320    Region$$Table       anon$$obj.o


    Execution Region RW_IRAM1 (Base: 0x20002800, Size: 0x00001168, Max: 0x00005800, ABSOLUTE)

    Base Addr    Size         Type   Attr      Idx    E Section Name        Object

    0x20002800   0x0000000c   Data   RW           21    .data               main.o
    0x2000280c   0x00000020   Data   RW          301    .data               bsp.o
    0x2000282c   0x00000008   Data   RW          395    .data               bsp_btn_ble.o
    0x20002834   0x00000004   Data   RW          440    .data               system_nrf51.o
    0x20002838   0x0000001f   Data   RW          547    .data               ble_advertising.o
    0x20002857   0x00000001   PAD
    0x20002858   0x00000018   Data   RW          616    .data               ble_conn_params.o
    0x20002870   0x00000018   Data   RW          749    .data               device_manager_peripheral.o
    0x20002888   0x00000024   Data   RW         1299    .data               pstorage.o
    0x200028ac   0x00000008   Data   RW         1514    .data               app_uart_fifo.o
    0x200028b4   0x00000018   Data   RW         1611    .data               app_button.o
    0x200028cc   0x00000024   Data   RW         1707    .data               app_timer.o
    0x200028f0   0x00000001   Data   RW         1837    .data               app_trace.o
    0x200028f1   0x00000003   PAD
    0x200028f4   0x00000004   Data   RW         1885    .data               retarget.o
    0x200028f8   0x00000014   Data   RW         1954    .data               softdevice_handler.o
    0x2000290c   0x00000394   Zero   RW           20    .bss                main.o
    0x20002ca0   0x0000000c   Zero   RW          299    .bss                bsp.o
    0x20002cac   0x000000fb   Zero   RW          545    .bss                ble_advertising.o
    0x20002da7   0x00000001   PAD
    0x20002da8   0x0000001c   Zero   RW          615    .bss                ble_conn_params.o
    0x20002dc4   0x0000014f   Zero   RW          746    .bss                device_manager_peripheral.o
    0x20002f13   0x00000001   PAD
    0x20002f14   0x0000004c   Zero   RW         1097    .bss                nrf_drv_gpiote.o
    0x20002f60   0x000000e4   Zero   RW         1297    .bss                pstorage.o
    0x20003044   0x00000020   Zero   RW         1512    .bss                app_uart_fifo.o
    0x20003064   0x00000100   Zero   RW         1835    .bss                app_trace.o
    0x20003164   0x00000004   PAD
    0x20003168   0x00000800   Zero   RW          428    STACK               arm_startup_nrf51.o


==============================================================================

Image component sizes


      Code (inc. data)   RO Data    RW Data    ZI Data      Debug   Object Name

       328         34          4         24          0       6430   app_button.o
        24          8          0          0          0       6908   app_error.o
       104          0          0          0          0       2862   app_fifo.o
      1938        160          0         36          0      27551   app_timer.o
       148         30         12          1        256       2922   app_trace.o
       862        142          8          8         32      18131   app_uart_fifo.o
        56         18        192          0       2048        772   arm_startup_nrf51.o
      1092          6          0          0          0      12190   ble_advdata.o
      1514        438         69         31        251       8517   ble_advertising.o
       456         50          0         24         28      12120   ble_conn_params.o
       562         12         16          0          0       5578   ble_nus.o
      1102        120         48         32         12       9213   bsp.o
       284         10          0          8          0       4705   bsp_btn_ble.o
      7376       3622        936         24        335      32325   device_manager_peripheral.o
      1344        190          0         12        916      98426   main.o
        96         18          0          0          0       7260   nrf_drv_common.o
      1060        146          0          0         76      22702   nrf_drv_gpiote.o
      2858        266         40         36        228      36722   pstorage.o
        14          0          0          4          0       2866   retarget.o
       264         24          0         20          0       6372   softdevice_handler.o
       156         26          0          4          0       2375   system_nrf51.o

    ----------------------------------------------------------------------
     21662       5320       1360        268       4188     326947   Object Totals
         0          0         32          0          0          0   (incl. Generated)
        24          0          3          4          6          0   (incl. Padding)

    ----------------------------------------------------------------------

      Code (inc. data)   RO Data    RW Data    ZI Data      Debug   Library Member Name

         0          0          0          0          0          0   entry.o
         0          0          0          0          0          0   entry10a.o
         0          0          0          0          0          0   entry11a.o
         8          4          0          0          0          0   entry2.o
         4          0          0          0          0          0   entry5.o
         0          0          0          0          0          0   entry7b.o
         0          0          0          0          0          0   entry8b.o
         8          4          0          0          0          0   entry9a.o
        30          0          0          0          0          0   handlers.o
        40          0          0          0          0         72   idiv.o
        36          8          0          0          0         68   init.o
        32          0          0          0          0         68   llshl.o
        34          0          0          0          0         68   llushr.o
        26          0          0          0          0         72   memcmp.o
        36          0          0          0          0         60   memcpya.o
        36          0          0          0          0        100   memseta.o
      1172         52          0          0          0        324   printf8.o
        44          0          0          0          0         72   uidiv.o
        96          0          0          0          0         84   uldiv.o

    ----------------------------------------------------------------------
      1606         68          0          0          0        988   Library Totals
         4          0          0          0          0          0   (incl. Padding)

    ----------------------------------------------------------------------

      Code (inc. data)   RO Data    RW Data    ZI Data      Debug   Library Name

      1602         68          0          0          0        988   mc_p.l

    ----------------------------------------------------------------------
      1606         68          0          0          0        988   Library Totals

    ----------------------------------------------------------------------

==============================================================================


      Code (inc. data)   RO Data    RW Data    ZI Data      Debug   

     23268       5388       1360        268       4188     319323   Grand Totals
     23268       5388       1360        268       4188     319323   ELF Image Totals
     23268       5388       1360        268          0          0   ROM Totals

==============================================================================

    Total RO  Size (Code + RO Data)                24628 (  24.05kB)
    Total RW  Size (RW Data + ZI Data)              4456 (   4.35kB)
    Total ROM Size (Code + RO Data + RW Data)      24896 (  24.31kB)

==============================================================================

